
> ctrlchecks-worker@1.0.0 test
> jest --coverage gcs-final-verification.test.ts

  console.log
    [NodeLibrary] ­ƒÜÇ Initializing NodeLibrary...

      at new NodeLibrary (src/services/nodes/node-library.ts:16:17)

  console.log
    [NodeLibrary] ­ƒöä Initializing node schemas...

      at NodeLibrary.initializeSchemas (src/services/nodes/node-library.ts:922:17)

  console.log
    [NodeLibrary] Ô£à Registered 48 node schemas so far...

      at NodeLibrary.initializeSchemas (src/services/nodes/node-library.ts:986:17)

  console.log
    [NodeLibrary] Ô£à All critical nodes registered (google_gmail)

      at new NodeLibrary (src/services/nodes/node-library.ts:35:21)

  console.log
    [NodeLibrary] ­ƒöù Virtual node types: NONE (aliases handled by node-type-resolver.ts)

      at NodeLibrary.registerVirtualNodeTypes (src/services/nodes/node-library.ts:10677:17)

  console.log
    [NodeLibrary] Ô£à Aliases resolve to canonical types: gmailÔåÆgoogle_gmail, mailÔåÆgoogle_gmail, aiÔåÆai_chat_model

      at NodeLibrary.registerVirtualNodeTypes (src/services/nodes/node-library.ts:10678:17)

  console.log
    [NodeLibrary] Ô£à NodeTypeResolver: using unified-node-registry for alias resolution

      at NodeLibrary.initializeNodeTypeResolver (src/services/nodes/node-library.ts:123:17)

  console.log
    [NodeCapabilityRegistry] Initializing capability registry from node library...

      at NodeCapabilityRegistry.initialize (src/services/nodes/node-capability-registry.ts:59:17)

  console.log
    [NodeCapabilityRegistry] Ô£à Initialized 137 node capabilities

      at NodeCapabilityRegistry.initialize (src/services/nodes/node-capability-registry.ts:84:17)

  console.log
    [NodeLibrary] Ô£à NodeLibrary initialized with 137 node schemas

      at new NodeLibrary (src/services/nodes/node-library.ts:51:17)

  console.log
    [NodeLibrary] Ô£à All 137 nodes have complete context

      at NodeLibrary.validateAllNodesHaveContext (src/services/nodes/node-library.ts:114:17)

  console.log
    [NodeLibrary] ­ƒôï Registered nodes (137): activecampaign, aggregate, ai_agent, ai_chat_model, airtable, amazon_ses, anthropic_claude, api_key_auth, aws_s3, bitbucket, cache_get, cache_set, chat_model, chat_trigger, clickup, csv, database_read, database_write, date_time, delay, discord, discord_webhook, dropbox, edit_fields, email, error_handler, error_trigger, execute_workflow, facebook, filter, firebase, form, freshdesk, ftp, function, function_item, github, gitlab, google_bigquery, google_calendar, google_cloud_storage, google_contacts, google_doc, google_drive, google_gemini, google_gmail, google_sheets, google_tasks, graphql, html, http_post, http_request, hubspot, if_else, instagram, instagram_trigger, intercom, interval, intuit_smes, javascript, jenkins, jira, json_parser, limit, linkedin, log_output, loop, mailchimp, mailgun, manual_trigger, math, memory, merge, merge_data, microsoft_dynamics, microsoft_teams, mongodb, mysql, noop, notion, oauth2_auth, odoo, ollama, onedrive, openai_gpt, outlook, parallel, paypal, pipedrive, postgresql, queue_consume, queue_push, read_binary_file, redis, rename_keys, respond_to_webhook, retry, return, salesforce, sap, schedule, sendgrid, sentiment_analyzer, set, set_variable, sftp, shopify, slack_message, slack_webhook, sort, split_in_batches, stop_and_error, stripe, supabase, switch, tally, telegram, text_formatter, text_summarizer, timeout, tool, try_catch, twilio, twitter, wait, webhook, webhook_response, whatsapp, whatsapp_cloud, whatsapp_trigger, woocommerce, workflow_trigger, write_binary_file, xml, youtube, zoho_crm, zoom_video

      at NodeLibrary.logAllRegisteredNodes (src/services/nodes/node-library.ts:131:17)

  console.log
    [NodeLibrary] ­ƒôè Nodes by category:

      at NodeLibrary.logAllRegisteredNodes (src/services/nodes/node-library.ts:141:17)

  console.log
    [NodeLibrary]   triggers: 10 nodes (schedule, webhook, manual_trigger, interval, chat_trigger...)

      at src/services/nodes/node-library.ts:143:21
          at Map.forEach (<anonymous>)

  console.log
    [NodeLibrary]   http_api: 5 nodes (http_request, respond_to_webhook, http_post, webhook_response, graphql)

      at src/services/nodes/node-library.ts:143:21
          at Map.forEach (<anonymous>)

  console.log
    [NodeLibrary]   database: 10 nodes (postgresql, supabase, database_read, database_write, airtable...)

      at src/services/nodes/node-library.ts:143:21
          at Map.forEach (<anonymous>)

  console.log
    [NodeLibrary]   google: 8 nodes (google_sheets, google_doc, google_gmail, google_drive, google_calendar...)

      at src/services/nodes/node-library.ts:143:21
          at Map.forEach (<anonymous>)

  console.log
    [NodeLibrary]   microsoft: 1 nodes (outlook)

      at src/services/nodes/node-library.ts:143:21
          at Map.forEach (<anonymous>)

  console.log
    [NodeLibrary]   crm: 13 nodes (salesforce, microsoft_dynamics, sap, hubspot, zoho_crm...)

      at src/services/nodes/node-library.ts:143:21
          at Map.forEach (<anonymous>)

  console.log
    [NodeLibrary]   actions: 1 nodes (clickup)

      at src/services/nodes/node-library.ts:143:21
          at Map.forEach (<anonymous>)

  console.log
    [NodeLibrary]   data: 16 nodes (set_variable, javascript, date_time, text_formatter, json_parser...)

      at src/services/nodes/node-library.ts:143:21
          at Map.forEach (<anonymous>)

  console.log
    [NodeLibrary]   logic: 12 nodes (function, function_item, if_else, switch, merge...)

      at src/services/nodes/node-library.ts:143:21
          at Map.forEach (<anonymous>)

  console.log
    [NodeLibrary]   utility: 1 nodes (delay)

      at src/services/nodes/node-library.ts:143:21
          at Map.forEach (<anonymous>)

  console.log
    [NodeLibrary]   flow: 5 nodes (timeout, return, try_catch, retry, parallel)

      at src/services/nodes/node-library.ts:143:21
          at Map.forEach (<anonymous>)

  console.log
    [NodeLibrary]   workflow: 1 nodes (execute_workflow)

      at src/services/nodes/node-library.ts:143:21
          at Map.forEach (<anonymous>)

  console.log
    [NodeLibrary]   queue: 2 nodes (queue_push, queue_consume)

      at src/services/nodes/node-library.ts:143:21
          at Map.forEach (<anonymous>)

  console.log
    [NodeLibrary]   cache: 2 nodes (cache_get, cache_set)

      at src/services/nodes/node-library.ts:143:21
          at Map.forEach (<anonymous>)

  console.log
    [NodeLibrary]   auth: 2 nodes (oauth2_auth, api_key_auth)

      at src/services/nodes/node-library.ts:143:21
          at Map.forEach (<anonymous>)

  console.log
    [NodeLibrary]   ai: 11 nodes (ai_agent, ai_chat_model, openai_gpt, anthropic_claude, google_gemini...)

      at src/services/nodes/node-library.ts:143:21
          at Map.forEach (<anonymous>)

  console.log
    [NodeLibrary]   output: 13 nodes (slack_message, email, log_output, telegram, discord...)

      at src/services/nodes/node-library.ts:143:21
          at Map.forEach (<anonymous>)

  console.log
    [NodeLibrary]   social: 5 nodes (linkedin, twitter, instagram, youtube, facebook)

      at src/services/nodes/node-library.ts:143:21
          at Map.forEach (<anonymous>)

  console.log
    [NodeLibrary]   productivity: 1 nodes (notion)

      at src/services/nodes/node-library.ts:143:21
          at Map.forEach (<anonymous>)

  console.log
    [NodeLibrary]   communication: 2 nodes (zoom_video, whatsapp)

      at src/services/nodes/node-library.ts:143:21
          at Map.forEach (<anonymous>)

  console.log
    [NodeLibrary]   file: 7 nodes (read_binary_file, write_binary_file, aws_s3, dropbox, onedrive...)

      at src/services/nodes/node-library.ts:143:21
          at Map.forEach (<anonymous>)

  console.log
    [NodeLibrary]   devops: 5 nodes (github, gitlab, bitbucket, jira, jenkins)

      at src/services/nodes/node-library.ts:143:21
          at Map.forEach (<anonymous>)

  console.log
    [NodeLibrary]   ecommerce: 4 nodes (shopify, woocommerce, stripe, paypal)

      at src/services/nodes/node-library.ts:143:21
          at Map.forEach (<anonymous>)

  console.log
    [UnifiedNodeRegistry] ­ƒÅù´©Å  Initializing Unified Node Registry...

      at new UnifiedNodeRegistry (src/core/registry/unified-node-registry.ts:326:17)

  console.log
    [UnifiedNodeRegistry] Ô£à Registered: schedule (v1.0)

      at UnifiedNodeRegistry.register (src/core/registry/unified-node-registry.ts:1118:17)

  console.log
    [UnifiedNodeRegistry] Ô£à Registered: webhook (v1.0)

      at UnifiedNodeRegistry.register (src/core/registry/unified-node-registry.ts:1118:17)

  console.log
    [UnifiedNodeRegistry] Ô£à Registered: manual_trigger (v1.0)

      at UnifiedNodeRegistry.register (src/core/registry/unified-node-registry.ts:1118:17)

  console.log
    [UnifiedNodeRegistry] Ô£à Registered: interval (v1.0)

      at UnifiedNodeRegistry.register (src/core/registry/unified-node-registry.ts:1118:17)

  console.log
    [UnifiedNodeRegistry] Ô£à Registered: chat_trigger (v1.0)

      at UnifiedNodeRegistry.register (src/core/registry/unified-node-registry.ts:1118:17)

  console.log
    [UnifiedNodeRegistry] Ô£à Registered: form (v1.0)

      at UnifiedNodeRegistry.register (src/core/registry/unified-node-registry.ts:1118:17)

  console.log
    [UnifiedNodeRegistry] Ô£à Registered: http_request (v1.0)

      at UnifiedNodeRegistry.register (src/core/registry/unified-node-registry.ts:1118:17)

  console.log
    [UnifiedNodeRegistry] Ô£à Registered: respond_to_webhook (v1.0)

      at UnifiedNodeRegistry.register (src/core/registry/unified-node-registry.ts:1118:17)

  console.log
    [UnifiedNodeRegistry] Ô£à Registered: postgresql (v1.0)

      at UnifiedNodeRegistry.register (src/core/registry/unified-node-registry.ts:1118:17)

  console.log
    [UnifiedNodeRegistry] Ô£à Registered: supabase (v1.0)

      at UnifiedNodeRegistry.register (src/core/registry/unified-node-registry.ts:1118:17)

  console.log
    [UnifiedNodeRegistry] Ô£à Registered: database_read (v1.0)

      at UnifiedNodeRegistry.register (src/core/registry/unified-node-registry.ts:1118:17)

  console.log
    [UnifiedNodeRegistry] Ô£à Registered: database_write (v1.0)

      at UnifiedNodeRegistry.register (src/core/registry/unified-node-registry.ts:1118:17)

  console.log
    [UnifiedNodeRegistry] Ô£à Registered: google_sheets (v1.0)

      at UnifiedNodeRegistry.register (src/core/registry/unified-node-registry.ts:1118:17)

  console.log
    [UnifiedNodeRegistry] Ô£à Registered: google_doc (v1.0)

      at UnifiedNodeRegistry.register (src/core/registry/unified-node-registry.ts:1118:17)

  console.log
    [UnifiedNodeRegistry] Ô£à Registered: google_gmail (v1.0)

      at UnifiedNodeRegistry.register (src/core/registry/unified-node-registry.ts:1118:17)

  console.log
    [UnifiedNodeRegistry] Ô£à Registered: outlook (v1.0)

      at UnifiedNodeRegistry.register (src/core/registry/unified-node-registry.ts:1118:17)

  console.log
    [UnifiedNodeRegistry] Ô£à Registered: salesforce (v1.0)

      at UnifiedNodeRegistry.register (src/core/registry/unified-node-registry.ts:1118:17)

  console.log
    [UnifiedNodeRegistry] Ô£à Registered: microsoft_dynamics (v1.0)

      at UnifiedNodeRegistry.register (src/core/registry/unified-node-registry.ts:1118:17)

  console.log
    [UnifiedNodeRegistry] Ô£à Registered: sap (v1.0.0)

      at UnifiedNodeRegistry.register (src/core/registry/unified-node-registry.ts:1118:17)

  console.log
    [UnifiedNodeRegistry] Ô£à Registered: clickup (v1.0)

      at UnifiedNodeRegistry.register (src/core/registry/unified-node-registry.ts:1118:17)

  console.log
    [UnifiedNodeRegistry] Ô£à Registered: set_variable (v1.0)

      at UnifiedNodeRegistry.register (src/core/registry/unified-node-registry.ts:1118:17)

  console.log
    [UnifiedNodeRegistry] Ô£à Registered: javascript (v1.0)

      at UnifiedNodeRegistry.register (src/core/registry/unified-node-registry.ts:1118:17)

  console.log
    [UnifiedNodeRegistry] Ô£à Registered: function (v1.0)

      at UnifiedNodeRegistry.register (src/core/registry/unified-node-registry.ts:1118:17)

  console.log
    [UnifiedNodeRegistry] Ô£à Registered: function_item (v1.0)

      at UnifiedNodeRegistry.register (src/core/registry/unified-node-registry.ts:1118:17)

  console.log
    [UnifiedNodeRegistry] Ô£à Registered: date_time (v1.0)

      at UnifiedNodeRegistry.register (src/core/registry/unified-node-registry.ts:1118:17)

  console.log
    [UnifiedNodeRegistry] Ô£à Registered: text_formatter (v1.0)

      at UnifiedNodeRegistry.register (src/core/registry/unified-node-registry.ts:1118:17)

  console.log
    [UnifiedNodeRegistry] Ô£à Registered: if_else (v1.0)

      at UnifiedNodeRegistry.register (src/core/registry/unified-node-registry.ts:1118:17)

  console.log
    [UnifiedNodeRegistry] Ô£à Registered: switch (v1.1.0)

      at UnifiedNodeRegistry.register (src/core/registry/unified-node-registry.ts:1118:17)

  console.log
    [UnifiedNodeRegistry] Ô£à Registered: merge (v1.0)

      at UnifiedNodeRegistry.register (src/core/registry/unified-node-registry.ts:1118:17)

  console.log
    [UnifiedNodeRegistry] Ô£à Registered: error_handler (v1.0)

      at UnifiedNodeRegistry.register (src/core/registry/unified-node-registry.ts:1118:17)

  console.log
    [UnifiedNodeRegistry] Ô£à Registered: wait (v1.0)

      at UnifiedNodeRegistry.register (src/core/registry/unified-node-registry.ts:1118:17)

  console.log
    [UnifiedNodeRegistry] Ô£à Registered: delay (v1.0.0)

      at UnifiedNodeRegistry.register (src/core/registry/unified-node-registry.ts:1118:17)

  console.log
    [UnifiedNodeRegistry] Ô£à Registered: timeout (v1.0.0)

      at UnifiedNodeRegistry.register (src/core/registry/unified-node-registry.ts:1118:17)

  console.log
    [UnifiedNodeRegistry] Ô£à Registered: return (v1.0.0)

      at UnifiedNodeRegistry.register (src/core/registry/unified-node-registry.ts:1118:17)

  console.log
    [UnifiedNodeRegistry] Ô£à Registered: execute_workflow (v1.0.0)

      at UnifiedNodeRegistry.register (src/core/registry/unified-node-registry.ts:1118:17)

  console.log
    [UnifiedNodeRegistry] Ô£à Registered: try_catch (v1.0.0)

      at UnifiedNodeRegistry.register (src/core/registry/unified-node-registry.ts:1118:17)

  console.log
    [UnifiedNodeRegistry] Ô£à Registered: retry (v1.0.0)

      at UnifiedNodeRegistry.register (src/core/registry/unified-node-registry.ts:1118:17)

  console.log
    [UnifiedNodeRegistry] Ô£à Registered: parallel (v1.0.0)

      at UnifiedNodeRegistry.register (src/core/registry/unified-node-registry.ts:1118:17)

  console.log
    [UnifiedNodeRegistry] Ô£à Registered: queue_push (v1.0.0)

      at UnifiedNodeRegistry.register (src/core/registry/unified-node-registry.ts:1118:17)

  console.log
    [UnifiedNodeRegistry] Ô£à Registered: queue_consume (v1.0.0)

      at UnifiedNodeRegistry.register (src/core/registry/unified-node-registry.ts:1118:17)

  console.log
    [UnifiedNodeRegistry] Ô£à Registered: cache_get (v1.0.0)

      at UnifiedNodeRegistry.register (src/core/registry/unified-node-registry.ts:1118:17)

  console.log
    [UnifiedNodeRegistry] Ô£à Registered: cache_set (v1.0.0)

      at UnifiedNodeRegistry.register (src/core/registry/unified-node-registry.ts:1118:17)

  console.log
    [UnifiedNodeRegistry] Ô£à Registered: oauth2_auth (v1.0.0)

      at UnifiedNodeRegistry.register (src/core/registry/unified-node-registry.ts:1118:17)

  console.log
    [UnifiedNodeRegistry] Ô£à Registered: api_key_auth (v1.0.0)

      at UnifiedNodeRegistry.register (src/core/registry/unified-node-registry.ts:1118:17)

  console.log
    [UnifiedNodeRegistry] Ô£à Registered: ai_agent (v1.0)

      at UnifiedNodeRegistry.register (src/core/registry/unified-node-registry.ts:1118:17)

  console.log
    [UnifiedNodeRegistry] Ô£à Registered: ai_chat_model (v1.0)

      at UnifiedNodeRegistry.register (src/core/registry/unified-node-registry.ts:1118:17)

  console.log
    [UnifiedNodeRegistry] Ô£à Registered: slack_message (v1.0)

      at UnifiedNodeRegistry.register (src/core/registry/unified-node-registry.ts:1118:17)

  console.log
    [UnifiedNodeRegistry] Ô£à Registered: email (v1.0)

      at UnifiedNodeRegistry.register (src/core/registry/unified-node-registry.ts:1118:17)

  console.log
    [UnifiedNodeRegistry] Ô£à Registered: log_output (v1.0)

      at UnifiedNodeRegistry.register (src/core/registry/unified-node-registry.ts:1118:17)

  console.log
    [UnifiedNodeRegistry] Ô£à Registered: telegram (v1.0)

      at UnifiedNodeRegistry.register (src/core/registry/unified-node-registry.ts:1118:17)

  console.log
    [UnifiedNodeRegistry] Ô£à Registered: linkedin (v1.0)

      at UnifiedNodeRegistry.register (src/core/registry/unified-node-registry.ts:1118:17)

  console.log
    [UnifiedNodeRegistry] Ô£à Registered: twitter (v1.0)

      at UnifiedNodeRegistry.register (src/core/registry/unified-node-registry.ts:1118:17)

  console.log
    [UnifiedNodeRegistry] Ô£à Registered: instagram (v1.0.0)

      at UnifiedNodeRegistry.register (src/core/registry/unified-node-registry.ts:1118:17)

  console.log
    [UnifiedNodeRegistry] Ô£à Registered: youtube (v1.0)

      at UnifiedNodeRegistry.register (src/core/registry/unified-node-registry.ts:1118:17)

  console.log
    [UnifiedNodeRegistry] Ô£à Registered: hubspot (v1.0)

      at UnifiedNodeRegistry.register (src/core/registry/unified-node-registry.ts:1118:17)

  console.log
    [UnifiedNodeRegistry] Ô£à Registered: airtable (v1.0)

      at UnifiedNodeRegistry.register (src/core/registry/unified-node-registry.ts:1118:17)

  console.log
    [UnifiedNodeRegistry] Ô£à Registered: notion (v1.0)

      at UnifiedNodeRegistry.register (src/core/registry/unified-node-registry.ts:1118:17)

  console.log
    [UnifiedNodeRegistry] Ô£à Registered: zoho_crm (v1.0)

      at UnifiedNodeRegistry.register (src/core/registry/unified-node-registry.ts:1118:17)

  console.log
    [UnifiedNodeRegistry] Ô£à Registered: pipedrive (v1.0)

      at UnifiedNodeRegistry.register (src/core/registry/unified-node-registry.ts:1118:17)

  console.log
    [UnifiedNodeRegistry] Ô£à Registered: intuit_smes (v1.0)

      at UnifiedNodeRegistry.register (src/core/registry/unified-node-registry.ts:1118:17)

  console.log
    [UnifiedNodeRegistry] Ô£à Registered: tally (v1.0.0)

      at UnifiedNodeRegistry.register (src/core/registry/unified-node-registry.ts:1118:17)

  console.log
    [UnifiedNodeRegistry] Ô£à Registered: discord (v1.0)

      at UnifiedNodeRegistry.register (src/core/registry/unified-node-registry.ts:1118:17)

  console.log
    [UnifiedNodeRegistry] Ô£à Registered: zoom_video (v1.0.0)

      at UnifiedNodeRegistry.register (src/core/registry/unified-node-registry.ts:1118:17)

  console.log
    [UnifiedNodeRegistry] Ô£à Registered: json_parser (v1.0)

      at UnifiedNodeRegistry.register (src/core/registry/unified-node-registry.ts:1118:17)

  console.log
    [UnifiedNodeRegistry] Ô£à Registered: merge_data (v1.0)

      at UnifiedNodeRegistry.register (src/core/registry/unified-node-registry.ts:1118:17)

  console.log
    [UnifiedNodeRegistry] Ô£à Registered: edit_fields (v1.0)

      at UnifiedNodeRegistry.register (src/core/registry/unified-node-registry.ts:1118:17)

  console.log
    [UnifiedNodeRegistry] Ô£à Registered: error_trigger (v1.0)

      at UnifiedNodeRegistry.register (src/core/registry/unified-node-registry.ts:1118:17)

  console.log
    [UnifiedNodeRegistry] Ô£à Registered: workflow_trigger (v1.0)

      at UnifiedNodeRegistry.register (src/core/registry/unified-node-registry.ts:1118:17)

  console.log
    [UnifiedNodeRegistry] Ô£à Registered: filter (v1.0)

      at UnifiedNodeRegistry.register (src/core/registry/unified-node-registry.ts:1118:17)

  console.log
    [UnifiedNodeRegistry] Ô£à Registered: loop (v1.0)

      at UnifiedNodeRegistry.register (src/core/registry/unified-node-registry.ts:1118:17)

  console.log
    [UnifiedNodeRegistry] Ô£à Registered: noop (v1.0)

      at UnifiedNodeRegistry.register (src/core/registry/unified-node-registry.ts:1118:17)

  console.log
    [UnifiedNodeRegistry] Ô£à Registered: set (v1.0)

      at UnifiedNodeRegistry.register (src/core/registry/unified-node-registry.ts:1118:17)

  console.log
    [UnifiedNodeRegistry] Ô£à Registered: split_in_batches (v1.0)

      at UnifiedNodeRegistry.register (src/core/registry/unified-node-registry.ts:1118:17)

  console.log
    [UnifiedNodeRegistry] Ô£à Registered: stop_and_error (v1.0)

      at UnifiedNodeRegistry.register (src/core/registry/unified-node-registry.ts:1118:17)

  console.log
    [UnifiedNodeRegistry] Ô£à Registered: math (v1.0)

      at UnifiedNodeRegistry.register (src/core/registry/unified-node-registry.ts:1118:17)

  console.log
    [UnifiedNodeRegistry] Ô£à Registered: html (v1.0)

      at UnifiedNodeRegistry.register (src/core/registry/unified-node-registry.ts:1118:17)

  console.log
    [UnifiedNodeRegistry] Ô£à Registered: xml (v1.0)

      at UnifiedNodeRegistry.register (src/core/registry/unified-node-registry.ts:1118:17)

  console.log
    [UnifiedNodeRegistry] Ô£à Registered: csv (v1.0)

      at UnifiedNodeRegistry.register (src/core/registry/unified-node-registry.ts:1118:17)

  console.log
    [UnifiedNodeRegistry] Ô£à Registered: rename_keys (v1.0)

      at UnifiedNodeRegistry.register (src/core/registry/unified-node-registry.ts:1118:17)

  console.log
    [UnifiedNodeRegistry] Ô£à Registered: aggregate (v1.0)

      at UnifiedNodeRegistry.register (src/core/registry/unified-node-registry.ts:1118:17)

  console.log
    [UnifiedNodeRegistry] Ô£à Registered: sort (v1.0)

      at UnifiedNodeRegistry.register (src/core/registry/unified-node-registry.ts:1118:17)

  console.log
    [UnifiedNodeRegistry] Ô£à Registered: limit (v1.0)

      at UnifiedNodeRegistry.register (src/core/registry/unified-node-registry.ts:1118:17)

  console.log
    [UnifiedNodeRegistry] Ô£à Registered: openai_gpt (v1.0)

      at UnifiedNodeRegistry.register (src/core/registry/unified-node-registry.ts:1118:17)

  console.log
    [UnifiedNodeRegistry] Ô£à Registered: anthropic_claude (v1.0)

      at UnifiedNodeRegistry.register (src/core/registry/unified-node-registry.ts:1118:17)

  console.log
    [UnifiedNodeRegistry] Ô£à Registered: google_gemini (v1.0)

      at UnifiedNodeRegistry.register (src/core/registry/unified-node-registry.ts:1118:17)

  console.log
    [UnifiedNodeRegistry] Ô£à Registered: ollama (v1.0)

      at UnifiedNodeRegistry.register (src/core/registry/unified-node-registry.ts:1118:17)

  console.log
    [UnifiedNodeRegistry] Ô£à Registered: text_summarizer (v1.0)

      at UnifiedNodeRegistry.register (src/core/registry/unified-node-registry.ts:1118:17)

  console.log
    [UnifiedNodeRegistry] Ô£à Registered: sentiment_analyzer (v1.0)

      at UnifiedNodeRegistry.register (src/core/registry/unified-node-registry.ts:1118:17)

  console.log
    [UnifiedNodeRegistry] Ô£à Registered: chat_model (v1.0)

      at UnifiedNodeRegistry.register (src/core/registry/unified-node-registry.ts:1118:17)

  console.log
    [UnifiedNodeRegistry] Ô£à Registered: memory (v1.0)

      at UnifiedNodeRegistry.register (src/core/registry/unified-node-registry.ts:1118:17)

  console.log
    [UnifiedNodeRegistry] Ô£à Registered: tool (v1.0)

      at UnifiedNodeRegistry.register (src/core/registry/unified-node-registry.ts:1118:17)

  console.log
    [UnifiedNodeRegistry] Ô£à Registered: http_post (v1.0)

      at UnifiedNodeRegistry.register (src/core/registry/unified-node-registry.ts:1118:17)

  console.log
    [UnifiedNodeRegistry] Ô£à Registered: webhook_response (v1.0)

      at UnifiedNodeRegistry.register (src/core/registry/unified-node-registry.ts:1118:17)

  console.log
    [UnifiedNodeRegistry] Ô£à Registered: graphql (v1.0)

      at UnifiedNodeRegistry.register (src/core/registry/unified-node-registry.ts:1118:17)

  console.log
    [UnifiedNodeRegistry] Ô£à Registered: google_drive (v1.0)

      at UnifiedNodeRegistry.register (src/core/registry/unified-node-registry.ts:1118:17)

  console.log
    [UnifiedNodeRegistry] Ô£à Registered: google_calendar (v1.0)

      at UnifiedNodeRegistry.register (src/core/registry/unified-node-registry.ts:1118:17)

  console.log
    [UnifiedNodeRegistry] Ô£à Registered: google_contacts (v1.0)

      at UnifiedNodeRegistry.register (src/core/registry/unified-node-registry.ts:1118:17)

  console.log
    [UnifiedNodeRegistry] Ô£à Registered: google_tasks (v1.0)

      at UnifiedNodeRegistry.register (src/core/registry/unified-node-registry.ts:1118:17)

  console.log
    [UnifiedNodeRegistry] Ô£à Registered: google_bigquery (v1.0)

      at UnifiedNodeRegistry.register (src/core/registry/unified-node-registry.ts:1118:17)

  console.log
    [UnifiedNodeRegistry] Ô£à Registered: slack_webhook (v1.0)

      at UnifiedNodeRegistry.register (src/core/registry/unified-node-registry.ts:1118:17)

  console.log
    [UnifiedNodeRegistry] Ô£à Registered: discord_webhook (v1.0)

      at UnifiedNodeRegistry.register (src/core/registry/unified-node-registry.ts:1118:17)

  console.log
    [UnifiedNodeRegistry] Ô£à Registered: microsoft_teams (v1.0)

      at UnifiedNodeRegistry.register (src/core/registry/unified-node-registry.ts:1118:17)

  console.log
    [UnifiedNodeRegistry] Ô£à Registered: whatsapp_cloud (v1.0)

      at UnifiedNodeRegistry.register (src/core/registry/unified-node-registry.ts:1118:17)

  console.log
    [UnifiedNodeRegistry] Ô£à Registered: twilio (v1.0)

      at UnifiedNodeRegistry.register (src/core/registry/unified-node-registry.ts:1118:17)

  console.log
    [UnifiedNodeRegistry] Ô£à Registered: mailgun (v1.0.0)

      at UnifiedNodeRegistry.register (src/core/registry/unified-node-registry.ts:1118:17)

  console.log
    [UnifiedNodeRegistry] Ô£à Registered: sendgrid (v1.0.0)

      at UnifiedNodeRegistry.register (src/core/registry/unified-node-registry.ts:1118:17)

  console.log
    [UnifiedNodeRegistry] Ô£à Registered: amazon_ses (v1.0.0)

      at UnifiedNodeRegistry.register (src/core/registry/unified-node-registry.ts:1118:17)

  console.log
    [UnifiedNodeRegistry] Ô£à Registered: facebook (v1.0)

      at UnifiedNodeRegistry.register (src/core/registry/unified-node-registry.ts:1118:17)

  console.log
    [UnifiedNodeRegistry] Ô£à Registered: whatsapp (v1.0.0)

      at UnifiedNodeRegistry.register (src/core/registry/unified-node-registry.ts:1118:17)

  console.log
    [UnifiedNodeRegistry] Ô£à Registered: whatsapp_trigger (v1.0.0)

      at UnifiedNodeRegistry.register (src/core/registry/unified-node-registry.ts:1118:17)

  console.log
    [UnifiedNodeRegistry] Ô£à Registered: instagram_trigger (v1.0.0)

      at UnifiedNodeRegistry.register (src/core/registry/unified-node-registry.ts:1118:17)

  console.log
    [UnifiedNodeRegistry] Ô£à Registered: mysql (v1.0)

      at UnifiedNodeRegistry.register (src/core/registry/unified-node-registry.ts:1118:17)

  console.log
    [UnifiedNodeRegistry] Ô£à Registered: mongodb (v1.0)

      at UnifiedNodeRegistry.register (src/core/registry/unified-node-registry.ts:1118:17)

  console.log
    [UnifiedNodeRegistry] Ô£à Registered: firebase (v1.0)

      at UnifiedNodeRegistry.register (src/core/registry/unified-node-registry.ts:1118:17)

  console.log
    [UnifiedNodeRegistry] Ô£à Registered: google_cloud_storage (v1.0)

      at UnifiedNodeRegistry.register (src/core/registry/unified-node-registry.ts:1118:17)

  console.log
    [UnifiedNodeRegistry] Ô£à Registered: redis (v1.0)

      at UnifiedNodeRegistry.register (src/core/registry/unified-node-registry.ts:1118:17)

  console.log
    [UnifiedNodeRegistry] Ô£à Registered: odoo (v1.0.0)

      at UnifiedNodeRegistry.register (src/core/registry/unified-node-registry.ts:1118:17)

  console.log
    [UnifiedNodeRegistry] Ô£à Registered: freshdesk (v1.0)

      at UnifiedNodeRegistry.register (src/core/registry/unified-node-registry.ts:1118:17)

  console.log
    [UnifiedNodeRegistry] Ô£à Registered: intercom (v1.0)

      at UnifiedNodeRegistry.register (src/core/registry/unified-node-registry.ts:1118:17)

  console.log
    [UnifiedNodeRegistry] Ô£à Registered: mailchimp (v1.0)

      at UnifiedNodeRegistry.register (src/core/registry/unified-node-registry.ts:1118:17)

  console.log
    [UnifiedNodeRegistry] Ô£à Registered: activecampaign (v1.0)

      at UnifiedNodeRegistry.register (src/core/registry/unified-node-registry.ts:1118:17)

  console.log
    [UnifiedNodeRegistry] Ô£à Registered: read_binary_file (v1.0)

      at UnifiedNodeRegistry.register (src/core/registry/unified-node-registry.ts:1118:17)

  console.log
    [UnifiedNodeRegistry] Ô£à Registered: write_binary_file (v1.0)

      at UnifiedNodeRegistry.register (src/core/registry/unified-node-registry.ts:1118:17)

  console.log
    [UnifiedNodeRegistry] Ô£à Registered: aws_s3 (v1.0)

      at UnifiedNodeRegistry.register (src/core/registry/unified-node-registry.ts:1118:17)

  console.log
    [UnifiedNodeRegistry] Ô£à Registered: dropbox (v1.0)

      at UnifiedNodeRegistry.register (src/core/registry/unified-node-registry.ts:1118:17)

  console.log
    [UnifiedNodeRegistry] Ô£à Registered: onedrive (v1.0)

      at UnifiedNodeRegistry.register (src/core/registry/unified-node-registry.ts:1118:17)

  console.log
    [UnifiedNodeRegistry] Ô£à Registered: ftp (v1.0)

      at UnifiedNodeRegistry.register (src/core/registry/unified-node-registry.ts:1118:17)

  console.log
    [UnifiedNodeRegistry] Ô£à Registered: sftp (v1.0)

      at UnifiedNodeRegistry.register (src/core/registry/unified-node-registry.ts:1118:17)

  console.log
    [UnifiedNodeRegistry] Ô£à Registered: github (v1.0)

      at UnifiedNodeRegistry.register (src/core/registry/unified-node-registry.ts:1118:17)

  console.log
    [UnifiedNodeRegistry] Ô£à Registered: gitlab (v1.0)

      at UnifiedNodeRegistry.register (src/core/registry/unified-node-registry.ts:1118:17)

  console.log
    [UnifiedNodeRegistry] Ô£à Registered: bitbucket (v1.0)

      at UnifiedNodeRegistry.register (src/core/registry/unified-node-registry.ts:1118:17)

  console.log
    [UnifiedNodeRegistry] Ô£à Registered: jira (v1.0)

      at UnifiedNodeRegistry.register (src/core/registry/unified-node-registry.ts:1118:17)

  console.log
    [UnifiedNodeRegistry] Ô£à Registered: jenkins (v1.0)

      at UnifiedNodeRegistry.register (src/core/registry/unified-node-registry.ts:1118:17)

  console.log
    [UnifiedNodeRegistry] Ô£à Registered: shopify (v1.0)

      at UnifiedNodeRegistry.register (src/core/registry/unified-node-registry.ts:1118:17)

  console.log
    [UnifiedNodeRegistry] Ô£à Registered: woocommerce (v1.0)

      at UnifiedNodeRegistry.register (src/core/registry/unified-node-registry.ts:1118:17)

  console.log
    [UnifiedNodeRegistry] Ô£à Registered: stripe (v1.0)

      at UnifiedNodeRegistry.register (src/core/registry/unified-node-registry.ts:1118:17)

  console.log
    [UnifiedNodeRegistry] Ô£à Registered: paypal (v1.0)

      at UnifiedNodeRegistry.register (src/core/registry/unified-node-registry.ts:1118:17)

  console.log
    [UnifiedNodeRegistry] Ô£à log_output is registered (found in definitions)

      at UnifiedNodeRegistry.initializeFromNodeLibrary (src/core/registry/unified-node-registry.ts:429:21)

  console.log
    [UnifiedNodeRegistry] Ô£à Initialized with 137 node definitions

      at new UnifiedNodeRegistry (src/core/registry/unified-node-registry.ts:328:17)

  console.log
    [UnifiedNodeRegistry] Ô£à Integrity check passed: All 137 canonical types have definitions

      at UnifiedNodeRegistry.validateIntegrity (src/core/registry/unified-node-registry.ts:353:17)

  console.log
    [NodeLibrary] ­ƒÜÇ Initializing NodeLibrary...

      at new NodeLibrary (src/services/nodes/node-library.ts:16:17)

  console.log
    [NodeLibrary] ­ƒöä Initializing node schemas...

      at NodeLibrary.initializeSchemas (src/services/nodes/node-library.ts:922:17)

  console.log
    [NodeLibrary] Ô£à Registered 48 node schemas so far...

      at NodeLibrary.initializeSchemas (src/services/nodes/node-library.ts:986:17)

  console.log
    [NodeLibrary] Ô£à All critical nodes registered (google_gmail)

      at new NodeLibrary (src/services/nodes/node-library.ts:35:21)

  console.log
    [NodeLibrary] ­ƒöù Virtual node types: NONE (aliases handled by node-type-resolver.ts)

      at NodeLibrary.registerVirtualNodeTypes (src/services/nodes/node-library.ts:10677:17)

  console.log
    [NodeLibrary] Ô£à Aliases resolve to canonical types: gmailÔåÆgoogle_gmail, mailÔåÆgoogle_gmail, aiÔåÆai_chat_model

      at NodeLibrary.registerVirtualNodeTypes (src/services/nodes/node-library.ts:10678:17)

  console.log
    [NodeLibrary] Ô£à NodeTypeResolver: using unified-node-registry for alias resolution

      at NodeLibrary.initializeNodeTypeResolver (src/services/nodes/node-library.ts:123:17)

  console.log
    [NodeLibrary] Ô£à NodeLibrary initialized with 137 node schemas

      at new NodeLibrary (src/services/nodes/node-library.ts:51:17)

  console.log
    [NodeLibrary] Ô£à All 137 nodes have complete context

      at NodeLibrary.validateAllNodesHaveContext (src/services/nodes/node-library.ts:114:17)

  console.log
    [NodeLibrary] ­ƒôï Registered nodes (137): activecampaign, aggregate, ai_agent, ai_chat_model, airtable, amazon_ses, anthropic_claude, api_key_auth, aws_s3, bitbucket, cache_get, cache_set, chat_model, chat_trigger, clickup, csv, database_read, database_write, date_time, delay, discord, discord_webhook, dropbox, edit_fields, email, error_handler, error_trigger, execute_workflow, facebook, filter, firebase, form, freshdesk, ftp, function, function_item, github, gitlab, google_bigquery, google_calendar, google_cloud_storage, google_contacts, google_doc, google_drive, google_gemini, google_gmail, google_sheets, google_tasks, graphql, html, http_post, http_request, hubspot, if_else, instagram, instagram_trigger, intercom, interval, intuit_smes, javascript, jenkins, jira, json_parser, limit, linkedin, log_output, loop, mailchimp, mailgun, manual_trigger, math, memory, merge, merge_data, microsoft_dynamics, microsoft_teams, mongodb, mysql, noop, notion, oauth2_auth, odoo, ollama, onedrive, openai_gpt, outlook, parallel, paypal, pipedrive, postgresql, queue_consume, queue_push, read_binary_file, redis, rename_keys, respond_to_webhook, retry, return, salesforce, sap, schedule, sendgrid, sentiment_analyzer, set, set_variable, sftp, shopify, slack_message, slack_webhook, sort, split_in_batches, stop_and_error, stripe, supabase, switch, tally, telegram, text_formatter, text_summarizer, timeout, tool, try_catch, twilio, twitter, wait, webhook, webhook_response, whatsapp, whatsapp_cloud, whatsapp_trigger, woocommerce, workflow_trigger, write_binary_file, xml, youtube, zoho_crm, zoom_video

      at NodeLibrary.logAllRegisteredNodes (src/services/nodes/node-library.ts:131:17)

  console.log
    [NodeLibrary] ­ƒôè Nodes by category:

      at NodeLibrary.logAllRegisteredNodes (src/services/nodes/node-library.ts:141:17)

  console.log
    [NodeLibrary]   triggers: 10 nodes (schedule, webhook, manual_trigger, interval, chat_trigger...)

      at src/services/nodes/node-library.ts:143:21
          at Map.forEach (<anonymous>)

  console.log
    [NodeLibrary]   http_api: 5 nodes (http_request, respond_to_webhook, http_post, webhook_response, graphql)

      at src/services/nodes/node-library.ts:143:21
          at Map.forEach (<anonymous>)

  console.log
    [NodeLibrary]   database: 10 nodes (postgresql, supabase, database_read, database_write, airtable...)

      at src/services/nodes/node-library.ts:143:21
          at Map.forEach (<anonymous>)

  console.log
    [NodeLibrary]   google: 8 nodes (google_sheets, google_doc, google_gmail, google_drive, google_calendar...)

      at src/services/nodes/node-library.ts:143:21
          at Map.forEach (<anonymous>)

  console.log
    [NodeLibrary]   microsoft: 1 nodes (outlook)

      at src/services/nodes/node-library.ts:143:21
          at Map.forEach (<anonymous>)

  console.log
    [NodeLibrary]   crm: 13 nodes (salesforce, microsoft_dynamics, sap, hubspot, zoho_crm...)

      at src/services/nodes/node-library.ts:143:21
          at Map.forEach (<anonymous>)

  console.log
    [NodeLibrary]   actions: 1 nodes (clickup)

      at src/services/nodes/node-library.ts:143:21
          at Map.forEach (<anonymous>)

  console.log
    [NodeLibrary]   data: 16 nodes (set_variable, javascript, date_time, text_formatter, json_parser...)

      at src/services/nodes/node-library.ts:143:21
          at Map.forEach (<anonymous>)

  console.log
    [NodeLibrary]   logic: 12 nodes (function, function_item, if_else, switch, merge...)

      at src/services/nodes/node-library.ts:143:21
          at Map.forEach (<anonymous>)

  console.log
    [NodeLibrary]   utility: 1 nodes (delay)

      at src/services/nodes/node-library.ts:143:21
          at Map.forEach (<anonymous>)

  console.log
    [NodeLibrary]   flow: 5 nodes (timeout, return, try_catch, retry, parallel)

      at src/services/nodes/node-library.ts:143:21
          at Map.forEach (<anonymous>)

  console.log
    [NodeLibrary]   workflow: 1 nodes (execute_workflow)

      at src/services/nodes/node-library.ts:143:21
          at Map.forEach (<anonymous>)

  console.log
    [NodeLibrary]   queue: 2 nodes (queue_push, queue_consume)

      at src/services/nodes/node-library.ts:143:21
          at Map.forEach (<anonymous>)

  console.log
    [NodeLibrary]   cache: 2 nodes (cache_get, cache_set)

      at src/services/nodes/node-library.ts:143:21
          at Map.forEach (<anonymous>)

  console.log
    [NodeLibrary]   auth: 2 nodes (oauth2_auth, api_key_auth)

      at src/services/nodes/node-library.ts:143:21
          at Map.forEach (<anonymous>)

  console.log
    [NodeLibrary]   ai: 11 nodes (ai_agent, ai_chat_model, openai_gpt, anthropic_claude, google_gemini...)

      at src/services/nodes/node-library.ts:143:21
          at Map.forEach (<anonymous>)

  console.log
    [NodeLibrary]   output: 13 nodes (slack_message, email, log_output, telegram, discord...)

      at src/services/nodes/node-library.ts:143:21
          at Map.forEach (<anonymous>)

  console.log
    [NodeLibrary]   social: 5 nodes (linkedin, twitter, instagram, youtube, facebook)

      at src/services/nodes/node-library.ts:143:21
          at Map.forEach (<anonymous>)

  console.log
    [NodeLibrary]   productivity: 1 nodes (notion)

      at src/services/nodes/node-library.ts:143:21
          at Map.forEach (<anonymous>)

  console.log
    [NodeLibrary]   communication: 2 nodes (zoom_video, whatsapp)

      at src/services/nodes/node-library.ts:143:21
          at Map.forEach (<anonymous>)

  console.log
    [NodeLibrary]   file: 7 nodes (read_binary_file, write_binary_file, aws_s3, dropbox, onedrive...)

      at src/services/nodes/node-library.ts:143:21
          at Map.forEach (<anonymous>)

  console.log
    [NodeLibrary]   devops: 5 nodes (github, gitlab, bitbucket, jira, jenkins)

      at src/services/nodes/node-library.ts:143:21
          at Map.forEach (<anonymous>)

  console.log
    [NodeLibrary]   ecommerce: 4 nodes (shopify, woocommerce, stripe, paypal)

      at src/services/nodes/node-library.ts:143:21
          at Map.forEach (<anonymous>)

  console.log
    [NodeLibrary] ­ƒÜÇ Initializing NodeLibrary...

      at new NodeLibrary (src/services/nodes/node-library.ts:97:13)

  console.log
    [NodeLibrary] ­ƒöä Initializing node schemas...

      at NodeLibrary.initializeSchemas (src/services/nodes/node-library.ts:1122:13)

  console.log
    [NodeLibrary] Ô£à Registered 48 node schemas so far...

      at NodeLibrary.initializeSchemas (src/services/nodes/node-library.ts:1194:13)

  console.log
    [NodeLibrary] Ô£à All critical nodes registered (google_gmail)

      at new NodeLibrary (src/services/nodes/node-library.ts:118:15)

  console.log
    [NodeLibrary] ­ƒöù Virtual node types: NONE (aliases handled by node-type-resolver.ts)

      at NodeLibrary.registerVirtualNodeTypes (src/services/nodes/node-library.ts:11099:13)

  console.log
    [NodeLibrary] Ô£à Aliases resolve to canonical types: gmailÔåÆgoogle_gmail, mailÔåÆgoogle_gmail, aiÔåÆai_chat_model

      at NodeLibrary.registerVirtualNodeTypes (src/services/nodes/node-library.ts:11100:13)

  console.log
    [NodeLibrary] Ô£à NodeTypeResolver: using unified-node-registry for alias resolution

      at NodeLibrary.initializeNodeTypeResolver (src/services/nodes/node-library.ts:222:13)

  console.log
    [NodeLibrary] Ô£à NodeLibrary initialized with 137 node schemas

      at new NodeLibrary (src/services/nodes/node-library.ts:137:13)

  console.log
    [NodeLibrary] Ô£à All 137 nodes have complete context

      at NodeLibrary.validateAllNodesHaveContext (src/services/nodes/node-library.ts:212:13)

  console.log
    [NodeLibrary] ­ƒôï Registered nodes (137): activecampaign, aggregate, ai_agent, ai_chat_model, airtable, amazon_ses, anthropic_claude, api_key_auth, aws_s3, bitbucket, cache_get, cache_set, chat_model, chat_trigger, clickup, csv, database_read, database_write, date_time, delay, discord, discord_webhook, dropbox, edit_fields, email, error_handler, error_trigger, execute_workflow, facebook, filter, firebase, form, freshdesk, ftp, function, function_item, github, gitlab, google_bigquery, google_calendar, google_cloud_storage, google_contacts, google_doc, google_drive, google_gemini, google_gmail, google_sheets, google_tasks, graphql, html, http_post, http_request, hubspot, if_else, instagram, instagram_trigger, intercom, interval, intuit_smes, javascript, jenkins, jira, json_parser, limit, linkedin, log_output, loop, mailchimp, mailgun, manual_trigger, math, memory, merge, merge_data, microsoft_dynamics, microsoft_teams, mongodb, mysql, noop, notion, oauth2_auth, odoo, ollama, onedrive, openai_gpt, outlook, parallel, paypal, pipedrive, postgresql, queue_consume, queue_push, read_binary_file, redis, rename_keys, respond_to_webhook, retry, return, salesforce, sap, schedule, sendgrid, sentiment_analyzer, set, set_variable, sftp, shopify, slack_message, slack_webhook, sort, split_in_batches, stop_and_error, stripe, supabase, switch, tally, telegram, text_formatter, text_summarizer, timeout, tool, try_catch, twilio, twitter, wait, webhook, webhook_response, whatsapp, whatsapp_cloud, whatsapp_trigger, woocommerce, workflow_trigger, write_binary_file, xml, youtube, zoho_crm, zoom_video

      at NodeLibrary.logAllRegisteredNodes (src/services/nodes/node-library.ts:231:13)

  console.log
    [NodeLibrary] ­ƒôè Nodes by category:

      at NodeLibrary.logAllRegisteredNodes (src/services/nodes/node-library.ts:243:13)

  console.log
    [NodeLibrary]   triggers: 10 nodes (schedule, webhook, manual_trigger, interval, chat_trigger...)

      at src/services/nodes/node-library.ts:245:15
          at Map.forEach (<anonymous>)

  console.log
    [NodeLibrary]   http_api: 5 nodes (http_request, respond_to_webhook, http_post, webhook_response, graphql)

      at src/services/nodes/node-library.ts:245:15
          at Map.forEach (<anonymous>)

  console.log
    [NodeLibrary]   database: 10 nodes (postgresql, supabase, database_read, database_write, airtable...)

      at src/services/nodes/node-library.ts:245:15
          at Map.forEach (<anonymous>)

  console.log
    [NodeLibrary]   google: 8 nodes (google_sheets, google_doc, google_gmail, google_drive, google_calendar...)

      at src/services/nodes/node-library.ts:245:15
          at Map.forEach (<anonymous>)

  console.log
    [NodeLibrary]   microsoft: 1 nodes (outlook)

      at src/services/nodes/node-library.ts:245:15
          at Map.forEach (<anonymous>)

  console.log
    [NodeLibrary]   crm: 13 nodes (salesforce, microsoft_dynamics, sap, hubspot, zoho_crm...)

      at src/services/nodes/node-library.ts:245:15
          at Map.forEach (<anonymous>)

  console.log
    [NodeLibrary]   actions: 1 nodes (clickup)

      at src/services/nodes/node-library.ts:245:15
          at Map.forEach (<anonymous>)

  console.log
    [NodeLibrary]   data: 16 nodes (set_variable, javascript, date_time, text_formatter, json_parser...)

      at src/services/nodes/node-library.ts:245:15
          at Map.forEach (<anonymous>)

  console.log
    [NodeLibrary]   logic: 12 nodes (function, function_item, if_else, switch, merge...)

      at src/services/nodes/node-library.ts:245:15
          at Map.forEach (<anonymous>)

  console.log
    [NodeLibrary]   utility: 1 nodes (delay)

      at src/services/nodes/node-library.ts:245:15
          at Map.forEach (<anonymous>)

  console.log
    [NodeLibrary]   flow: 5 nodes (timeout, return, try_catch, retry, parallel)

      at src/services/nodes/node-library.ts:245:15
          at Map.forEach (<anonymous>)

  console.log
    [NodeLibrary]   workflow: 1 nodes (execute_workflow)

      at src/services/nodes/node-library.ts:245:15
          at Map.forEach (<anonymous>)

  console.log
    [NodeLibrary]   queue: 2 nodes (queue_push, queue_consume)

      at src/services/nodes/node-library.ts:245:15
          at Map.forEach (<anonymous>)

  console.log
    [NodeLibrary]   cache: 2 nodes (cache_get, cache_set)

      at src/services/nodes/node-library.ts:245:15
          at Map.forEach (<anonymous>)

  console.log
    [NodeLibrary]   auth: 2 nodes (oauth2_auth, api_key_auth)

      at src/services/nodes/node-library.ts:245:15
          at Map.forEach (<anonymous>)

  console.log
    [NodeLibrary]   ai: 11 nodes (ai_agent, ai_chat_model, openai_gpt, anthropic_claude, google_gemini...)

      at src/services/nodes/node-library.ts:245:15
          at Map.forEach (<anonymous>)

  console.log
    [NodeLibrary]   output: 13 nodes (slack_message, email, log_output, telegram, discord...)

      at src/services/nodes/node-library.ts:245:15
          at Map.forEach (<anonymous>)

  console.log
    [NodeLibrary]   social: 5 nodes (linkedin, twitter, instagram, youtube, facebook)

      at src/services/nodes/node-library.ts:245:15
          at Map.forEach (<anonymous>)

  console.log
    [NodeLibrary]   productivity: 1 nodes (notion)

      at src/services/nodes/node-library.ts:245:15
          at Map.forEach (<anonymous>)

  console.log
    [NodeLibrary]   communication: 2 nodes (zoom_video, whatsapp)

      at src/services/nodes/node-library.ts:245:15
          at Map.forEach (<anonymous>)

  console.log
    [NodeLibrary]   file: 7 nodes (read_binary_file, write_binary_file, aws_s3, dropbox, onedrive...)

      at src/services/nodes/node-library.ts:245:15
          at Map.forEach (<anonymous>)

  console.log
    [NodeLibrary]   devops: 5 nodes (github, gitlab, bitbucket, jira, jenkins)

      at src/services/nodes/node-library.ts:245:15
          at Map.forEach (<anonymous>)

  console.log
    [NodeLibrary]   ecommerce: 4 nodes (shopify, woocommerce, stripe, paypal)

      at src/services/nodes/node-library.ts:245:15
          at Map.forEach (<anonymous>)

  console.log
    [NodeLibrary] ­ƒÜÇ Initializing NodeLibrary...

      at new NodeLibrary (src/services/nodes/node-library.ts:97:13)

  console.log
    [NodeLibrary] ­ƒöä Initializing node schemas...

      at NodeLibrary.initializeSchemas (src/services/nodes/node-library.ts:1122:13)

  console.log
    [NodeLibrary] Ô£à Registered 48 node schemas so far...

      at NodeLibrary.initializeSchemas (src/services/nodes/node-library.ts:1194:13)

  console.log
    [NodeLibrary] Ô£à All critical nodes registered (google_gmail)

      at new NodeLibrary (src/services/nodes/node-library.ts:118:15)

  console.log
    [NodeLibrary] ­ƒöù Virtual node types: NONE (aliases handled by node-type-resolver.ts)

      at NodeLibrary.registerVirtualNodeTypes (src/services/nodes/node-library.ts:11099:13)

  console.log
    [NodeLibrary] Ô£à Aliases resolve to canonical types: gmailÔåÆgoogle_gmail, mailÔåÆgoogle_gmail, aiÔåÆai_chat_model

      at NodeLibrary.registerVirtualNodeTypes (src/services/nodes/node-library.ts:11100:13)

  console.log
    [NodeLibrary] Ô£à NodeTypeResolver: using unified-node-registry for alias resolution

      at NodeLibrary.initializeNodeTypeResolver (src/services/nodes/node-library.ts:222:13)

  console.log
    [NodeLibrary] Ô£à NodeLibrary initialized with 137 node schemas

      at new NodeLibrary (src/services/nodes/node-library.ts:137:13)

  console.log
    [NodeLibrary] Ô£à All 137 nodes have complete context

      at NodeLibrary.validateAllNodesHaveContext (src/services/nodes/node-library.ts:212:13)

  console.log
    [NodeLibrary] ­ƒôï Registered nodes (137): activecampaign, aggregate, ai_agent, ai_chat_model, airtable, amazon_ses, anthropic_claude, api_key_auth, aws_s3, bitbucket, cache_get, cache_set, chat_model, chat_trigger, clickup, csv, database_read, database_write, date_time, delay, discord, discord_webhook, dropbox, edit_fields, email, error_handler, error_trigger, execute_workflow, facebook, filter, firebase, form, freshdesk, ftp, function, function_item, github, gitlab, google_bigquery, google_calendar, google_cloud_storage, google_contacts, google_doc, google_drive, google_gemini, google_gmail, google_sheets, google_tasks, graphql, html, http_post, http_request, hubspot, if_else, instagram, instagram_trigger, intercom, interval, intuit_smes, javascript, jenkins, jira, json_parser, limit, linkedin, log_output, loop, mailchimp, mailgun, manual_trigger, math, memory, merge, merge_data, microsoft_dynamics, microsoft_teams, mongodb, mysql, noop, notion, oauth2_auth, odoo, ollama, onedrive, openai_gpt, outlook, parallel, paypal, pipedrive, postgresql, queue_consume, queue_push, read_binary_file, redis, rename_keys, respond_to_webhook, retry, return, salesforce, sap, schedule, sendgrid, sentiment_analyzer, set, set_variable, sftp, shopify, slack_message, slack_webhook, sort, split_in_batches, stop_and_error, stripe, supabase, switch, tally, telegram, text_formatter, text_summarizer, timeout, tool, try_catch, twilio, twitter, wait, webhook, webhook_response, whatsapp, whatsapp_cloud, whatsapp_trigger, woocommerce, workflow_trigger, write_binary_file, xml, youtube, zoho_crm, zoom_video

      at NodeLibrary.logAllRegisteredNodes (src/services/nodes/node-library.ts:231:13)

  console.log
    [NodeLibrary] ­ƒôè Nodes by category:

      at NodeLibrary.logAllRegisteredNodes (src/services/nodes/node-library.ts:243:13)

  console.log
    [NodeLibrary]   triggers: 10 nodes (schedule, webhook, manual_trigger, interval, chat_trigger...)

      at src/services/nodes/node-library.ts:245:15
          at Map.forEach (<anonymous>)

  console.log
    [NodeLibrary]   http_api: 5 nodes (http_request, respond_to_webhook, http_post, webhook_response, graphql)

      at src/services/nodes/node-library.ts:245:15
          at Map.forEach (<anonymous>)

  console.log
    [NodeLibrary]   database: 10 nodes (postgresql, supabase, database_read, database_write, airtable...)

      at src/services/nodes/node-library.ts:245:15
          at Map.forEach (<anonymous>)

  console.log
    [NodeLibrary]   google: 8 nodes (google_sheets, google_doc, google_gmail, google_drive, google_calendar...)

      at src/services/nodes/node-library.ts:245:15
          at Map.forEach (<anonymous>)

  console.log
    [NodeLibrary]   microsoft: 1 nodes (outlook)

      at src/services/nodes/node-library.ts:245:15
          at Map.forEach (<anonymous>)

  console.log
    [NodeLibrary]   crm: 13 nodes (salesforce, microsoft_dynamics, sap, hubspot, zoho_crm...)

      at src/services/nodes/node-library.ts:245:15
          at Map.forEach (<anonymous>)

  console.log
    [NodeLibrary]   actions: 1 nodes (clickup)

      at src/services/nodes/node-library.ts:245:15
          at Map.forEach (<anonymous>)

  console.log
    [NodeLibrary]   data: 16 nodes (set_variable, javascript, date_time, text_formatter, json_parser...)

      at src/services/nodes/node-library.ts:245:15
          at Map.forEach (<anonymous>)

  console.log
    [NodeLibrary]   logic: 12 nodes (function, function_item, if_else, switch, merge...)

      at src/services/nodes/node-library.ts:245:15
          at Map.forEach (<anonymous>)

  console.log
    [NodeLibrary]   utility: 1 nodes (delay)

      at src/services/nodes/node-library.ts:245:15
          at Map.forEach (<anonymous>)

  console.log
    [NodeLibrary]   flow: 5 nodes (timeout, return, try_catch, retry, parallel)

      at src/services/nodes/node-library.ts:245:15
          at Map.forEach (<anonymous>)

  console.log
    [NodeLibrary]   workflow: 1 nodes (execute_workflow)

      at src/services/nodes/node-library.ts:245:15
          at Map.forEach (<anonymous>)

  console.log
    [NodeLibrary]   queue: 2 nodes (queue_push, queue_consume)

      at src/services/nodes/node-library.ts:245:15
          at Map.forEach (<anonymous>)

  console.log
    [NodeLibrary]   cache: 2 nodes (cache_get, cache_set)

      at src/services/nodes/node-library.ts:245:15
          at Map.forEach (<anonymous>)

  console.log
    [NodeLibrary]   auth: 2 nodes (oauth2_auth, api_key_auth)

      at src/services/nodes/node-library.ts:245:15
          at Map.forEach (<anonymous>)

  console.log
    [NodeLibrary]   ai: 11 nodes (ai_agent, ai_chat_model, openai_gpt, anthropic_claude, google_gemini...)

      at src/services/nodes/node-library.ts:245:15
          at Map.forEach (<anonymous>)

  console.log
    [NodeLibrary]   output: 13 nodes (slack_message, email, log_output, telegram, discord...)

      at src/services/nodes/node-library.ts:245:15
          at Map.forEach (<anonymous>)

  console.log
    [NodeLibrary]   social: 5 nodes (linkedin, twitter, instagram, youtube, facebook)

      at src/services/nodes/node-library.ts:245:15
          at Map.forEach (<anonymous>)

  console.log
    [NodeLibrary]   productivity: 1 nodes (notion)

      at src/services/nodes/node-library.ts:245:15
          at Map.forEach (<anonymous>)

  console.log
    [NodeLibrary]   communication: 2 nodes (zoom_video, whatsapp)

      at src/services/nodes/node-library.ts:245:15
          at Map.forEach (<anonymous>)

  console.log
    [NodeLibrary]   file: 7 nodes (read_binary_file, write_binary_file, aws_s3, dropbox, onedrive...)

      at src/services/nodes/node-library.ts:245:15
          at Map.forEach (<anonymous>)

  console.log
    [NodeLibrary]   devops: 5 nodes (github, gitlab, bitbucket, jira, jenkins)

      at src/services/nodes/node-library.ts:245:15
          at Map.forEach (<anonymous>)

  console.log
    [NodeLibrary]   ecommerce: 4 nodes (shopify, woocommerce, stripe, paypal)

      at src/services/nodes/node-library.ts:245:15
          at Map.forEach (<anonymous>)

  console.log
    [NodeLibrary] ­ƒÜÇ Initializing NodeLibrary...

      at new NodeLibrary (src/services/nodes/node-library.ts:97:13)

  console.log
    [NodeLibrary] ­ƒöä Initializing node schemas...

      at NodeLibrary.initializeSchemas (src/services/nodes/node-library.ts:1122:13)

  console.log
    [NodeLibrary] Ô£à Registered 48 node schemas so far...

      at NodeLibrary.initializeSchemas (src/services/nodes/node-library.ts:1194:13)

  console.log
    [NodeLibrary] Ô£à All critical nodes registered (google_gmail)

      at new NodeLibrary (src/services/nodes/node-library.ts:118:15)

  console.log
    [NodeLibrary] ­ƒöù Virtual node types: NONE (aliases handled by node-type-resolver.ts)

      at NodeLibrary.registerVirtualNodeTypes (src/services/nodes/node-library.ts:11099:13)

  console.log
    [NodeLibrary] Ô£à Aliases resolve to canonical types: gmailÔåÆgoogle_gmail, mailÔåÆgoogle_gmail, aiÔåÆai_chat_model

      at NodeLibrary.registerVirtualNodeTypes (src/services/nodes/node-library.ts:11100:13)

  console.log
    [NodeLibrary] Ô£à NodeTypeResolver: using unified-node-registry for alias resolution

      at NodeLibrary.initializeNodeTypeResolver (src/services/nodes/node-library.ts:222:13)

  console.log
    [NodeLibrary] Ô£à NodeLibrary initialized with 137 node schemas

      at new NodeLibrary (src/services/nodes/node-library.ts:137:13)

  console.log
    [NodeLibrary] Ô£à All 137 nodes have complete context

      at NodeLibrary.validateAllNodesHaveContext (src/services/nodes/node-library.ts:212:13)

  console.log
    [NodeLibrary] ­ƒôï Registered nodes (137): activecampaign, aggregate, ai_agent, ai_chat_model, airtable, amazon_ses, anthropic_claude, api_key_auth, aws_s3, bitbucket, cache_get, cache_set, chat_model, chat_trigger, clickup, csv, database_read, database_write, date_time, delay, discord, discord_webhook, dropbox, edit_fields, email, error_handler, error_trigger, execute_workflow, facebook, filter, firebase, form, freshdesk, ftp, function, function_item, github, gitlab, google_bigquery, google_calendar, google_cloud_storage, google_contacts, google_doc, google_drive, google_gemini, google_gmail, google_sheets, google_tasks, graphql, html, http_post, http_request, hubspot, if_else, instagram, instagram_trigger, intercom, interval, intuit_smes, javascript, jenkins, jira, json_parser, limit, linkedin, log_output, loop, mailchimp, mailgun, manual_trigger, math, memory, merge, merge_data, microsoft_dynamics, microsoft_teams, mongodb, mysql, noop, notion, oauth2_auth, odoo, ollama, onedrive, openai_gpt, outlook, parallel, paypal, pipedrive, postgresql, queue_consume, queue_push, read_binary_file, redis, rename_keys, respond_to_webhook, retry, return, salesforce, sap, schedule, sendgrid, sentiment_analyzer, set, set_variable, sftp, shopify, slack_message, slack_webhook, sort, split_in_batches, stop_and_error, stripe, supabase, switch, tally, telegram, text_formatter, text_summarizer, timeout, tool, try_catch, twilio, twitter, wait, webhook, webhook_response, whatsapp, whatsapp_cloud, whatsapp_trigger, woocommerce, workflow_trigger, write_binary_file, xml, youtube, zoho_crm, zoom_video

      at NodeLibrary.logAllRegisteredNodes (src/services/nodes/node-library.ts:231:13)

  console.log
    [NodeLibrary] ­ƒôè Nodes by category:

      at NodeLibrary.logAllRegisteredNodes (src/services/nodes/node-library.ts:243:13)

  console.log
    [NodeLibrary]   triggers: 10 nodes (schedule, webhook, manual_trigger, interval, chat_trigger...)

      at src/services/nodes/node-library.ts:245:15
          at Map.forEach (<anonymous>)

  console.log
    [NodeLibrary]   http_api: 5 nodes (http_request, respond_to_webhook, http_post, webhook_response, graphql)

      at src/services/nodes/node-library.ts:245:15
          at Map.forEach (<anonymous>)

  console.log
    [NodeLibrary]   database: 10 nodes (postgresql, supabase, database_read, database_write, airtable...)

      at src/services/nodes/node-library.ts:245:15
          at Map.forEach (<anonymous>)

  console.log
    [NodeLibrary]   google: 8 nodes (google_sheets, google_doc, google_gmail, google_drive, google_calendar...)

      at src/services/nodes/node-library.ts:245:15
          at Map.forEach (<anonymous>)

  console.log
    [NodeLibrary]   microsoft: 1 nodes (outlook)

      at src/services/nodes/node-library.ts:245:15
          at Map.forEach (<anonymous>)

  console.log
    [NodeLibrary]   crm: 13 nodes (salesforce, microsoft_dynamics, sap, hubspot, zoho_crm...)

      at src/services/nodes/node-library.ts:245:15
          at Map.forEach (<anonymous>)

  console.log
    [NodeLibrary]   actions: 1 nodes (clickup)

      at src/services/nodes/node-library.ts:245:15
          at Map.forEach (<anonymous>)

  console.log
    [NodeLibrary]   data: 16 nodes (set_variable, javascript, date_time, text_formatter, json_parser...)

      at src/services/nodes/node-library.ts:245:15
          at Map.forEach (<anonymous>)

  console.log
    [NodeLibrary]   logic: 12 nodes (function, function_item, if_else, switch, merge...)

      at src/services/nodes/node-library.ts:245:15
          at Map.forEach (<anonymous>)

  console.log
    [NodeLibrary]   utility: 1 nodes (delay)

      at src/services/nodes/node-library.ts:245:15
          at Map.forEach (<anonymous>)

  console.log
    [NodeLibrary]   flow: 5 nodes (timeout, return, try_catch, retry, parallel)

      at src/services/nodes/node-library.ts:245:15
          at Map.forEach (<anonymous>)

  console.log
    [NodeLibrary]   workflow: 1 nodes (execute_workflow)

      at src/services/nodes/node-library.ts:245:15
          at Map.forEach (<anonymous>)

  console.log
    [NodeLibrary]   queue: 2 nodes (queue_push, queue_consume)

      at src/services/nodes/node-library.ts:245:15
          at Map.forEach (<anonymous>)

  console.log
    [NodeLibrary]   cache: 2 nodes (cache_get, cache_set)

      at src/services/nodes/node-library.ts:245:15
          at Map.forEach (<anonymous>)

  console.log
    [NodeLibrary]   auth: 2 nodes (oauth2_auth, api_key_auth)

      at src/services/nodes/node-library.ts:245:15
          at Map.forEach (<anonymous>)

  console.log
    [NodeLibrary]   ai: 11 nodes (ai_agent, ai_chat_model, openai_gpt, anthropic_claude, google_gemini...)

      at src/services/nodes/node-library.ts:245:15
          at Map.forEach (<anonymous>)

  console.log
    [NodeLibrary]   output: 13 nodes (slack_message, email, log_output, telegram, discord...)

      at src/services/nodes/node-library.ts:245:15
          at Map.forEach (<anonymous>)

  console.log
    [NodeLibrary]   social: 5 nodes (linkedin, twitter, instagram, youtube, facebook)

      at src/services/nodes/node-library.ts:245:15
          at Map.forEach (<anonymous>)

  console.log
    [NodeLibrary]   productivity: 1 nodes (notion)

      at src/services/nodes/node-library.ts:245:15
          at Map.forEach (<anonymous>)

  console.log
    [NodeLibrary]   communication: 2 nodes (zoom_video, whatsapp)

      at src/services/nodes/node-library.ts:245:15
          at Map.forEach (<anonymous>)

  console.log
    [NodeLibrary]   file: 7 nodes (read_binary_file, write_binary_file, aws_s3, dropbox, onedrive...)

      at src/services/nodes/node-library.ts:245:15
          at Map.forEach (<anonymous>)

  console.log
    [NodeLibrary]   devops: 5 nodes (github, gitlab, bitbucket, jira, jenkins)

      at src/services/nodes/node-library.ts:245:15
          at Map.forEach (<anonymous>)

  console.log
    [NodeLibrary]   ecommerce: 4 nodes (shopify, woocommerce, stripe, paypal)

      at src/services/nodes/node-library.ts:245:15
          at Map.forEach (<anonymous>)

node.exe : FAIL src/tests/gcs-final-verification.test.ts (23.708 s)
At line:1 char:1
+ & "C:\Program Files\nodejs/node.exe" "C:\Program Files\nodejs/node_mo ...
+ ~~~~~~~~~~~~~~~~~~~~~~~~~~~~~~~~~~~~~~~~~~~~~~~~~~~~~~~~~~~~~~~~~~~~~
    + CategoryInfo          : NotSpecified: (FAIL src/tests/...t.ts (23.70 
   8 s):String) [], RemoteException
    + FullyQualifiedErrorId : NativeCommandError
 
  Task 14: Final checkpoint ÔÇö full integration verification
    ÔêÜ unifiedNodeRegistry.has("google_cloud_storage") returns true (3 ms)
    ├ù unifiedNodeRegistry.getCategory("google_cloud_storage") returns 
"database" (4 ms)
    ÔêÜ unifiedNodeRegistry.get("google_cloud_storage").execute is a 
non-null function (1 ms)
    ÔêÜ NodeLibrary.getRegisteredNodeTypes() includes 
"google_cloud_storage" (214 ms)
    ÔêÜ NodeLibrary.isNodeTypeRegistered("google_cloud_storage") returns 
true (16 ms)
    ├ù unifiedNodeRegistry.getRequiredCredentials("google_cloud_storage") 
returns credential requirements (1 ms)
    ÔêÜ unifiedNodeRegistry.validateConfig rejects empty projectId (1 ms)
    ÔêÜ unifiedNodeRegistry.validateConfig accepts valid inputs
    ÔêÜ executeDatabaseNode("google_cloud_storage", context) returns 
result with success boolean (15 ms)
    ÔêÜ Frontend nodeTypes includes google_cloud_storage in database 
category (31 ms)
    ÔêÜ All GCS integration tests pass (1 ms)

  ÔùÅ Task 14: Final checkpoint ÔÇö full integration verification ÔÇ║ 
unifiedNodeRegistry.getCategory("google_cloud_storage") returns "database"

    expect(received).toBe(expected) // Object.is equality

    Expected: "database"
    Received: "data"

    [0m [90m 29 |[39m     [36mconst[39m { unifiedNodeRegistry } 
[33m=[39m [36mawait[39m [36mimport[39m([32m'../core/registry/unified
-node-registry'[39m)[33m;[39m
     [90m 30 |[39m     [36mconst[39m category [33m=[39m unifiedNodeRe
gistry[33m.[39mgetCategory([32m'google_cloud_storage'[39m)[33m;[39m
    [31m[1m>[22m[39m[90m 31 |[39m     
expect(category)[33m.[39mtoBe([32m'database'[39m)[33m;[39m
     [90m    |[39m                      [31m[1m^[22m[39m
     [90m 32 |[39m   })[33m;[39m
     [90m 33 |[39m
     [90m 34 |[39m   [90m// --------------------------------------------
-----------------------------[39m[0m

      at Object.<anonymous> 
(src/tests/gcs-final-verification.test.ts:31:22)

  ÔùÅ Task 14: Final checkpoint ÔÇö full integration verification ÔÇ║ 
unifiedNodeRegistry.getRequiredCredentials("google_cloud_storage") returns 
credential requirements

    expect(received).toContain(expected) // indexOf

    Expected substring: "google_cloud_storage"
    Received string:    "[{\"provider\":\"google\",\"category\":\"credentia
l\",\"required\":true,\"description\":\"privateKey field\"}]"

    [0m [90m 70 |[39m     
expect(creds)[33m.[39mtoBeDefined()[33m;[39m
     [90m 71 |[39m     [90m// Should reference the google_cloud_storage 
provider[39m
    [31m[1m>[22m[39m[90m 72 |[39m     expect([33mJSON[39m[33m.[39
mstringify(creds))[33m.[39mtoContain([32m'google_cloud_storage'[39m)[3
3m;[39m
     [90m    |[39m                                   [31m[1m^[22m[39m
     [90m 73 |[39m   })[33m;[39m
     [90m 74 |[39m
     [90m 75 |[39m   [90m// --------------------------------------------
-----------------------------[39m[0m

      at Object.<anonymous> 
(src/tests/gcs-final-verification.test.ts:72:35)

--------------------------------------------------------|---------|----------|---------|---------|------------------------------------------------------------------------------------------------------------------------------------
File                                                    | % Stmts | % Branch | % Funcs | % Lines | Uncovered Line #s                                                                                                                  
--------------------------------------------------------|---------|----------|---------|---------|------------------------------------------------------------------------------------------------------------------------------------
All files                                               |    5.89 |     3.01 |   17.83 |    5.89 |                                                                                                                                    
 src                                                    |       0 |        0 |       0 |       0 |                                                                                                                                    
  orchestrator.ts                                       |       0 |        0 |       0 |       0 | 1-90                                                                                                                               
  preprocessor.ts                                       |       0 |        0 |       0 |       0 | 1-100                                                                                                                              
 src/api                                                |       0 |        0 |       0 |       0 |                                                                                                                                    
  admin-templates.ts                                    |       0 |        0 |       0 |       0 | 1-136                                                                                                                              
  admin-users.ts                                        |       0 |        0 |       0 |       0 | 1-420                                                                                                                              
  ai-gateway.ts                                         |       0 |        0 |       0 |       0 | 1-794                                                                                                                              
  analyze-workflow-requirements.ts                      |       0 |        0 |       0 |       0 | 1-76                                                                                                                               
  attach-credentials.ts                                 |       0 |        0 |       0 |       0 | 1-668                                                                                                                              
  attach-inputs.ts                                      |       0 |        0 |       0 |       0 | 1-2154                                                                                                                             
  auth-status.ts                                        |       0 |        0 |       0 |       0 | 1-74                                                                                                                               
  chat-api.ts                                           |       0 |        0 |       0 |       0 | 1-139                                                                                                                              
  chat-trigger.ts                                       |       0 |        0 |       0 |       0 | 1-352                                                                                                                              
  chatbot-chat.ts                                       |       0 |        0 |       0 |       0 | 1-441                                                                                                                              
  chatbot-message.ts                                    |       0 |        0 |       0 |       0 | 1-183                                                                                                                              
  chatbot-page.ts                                       |       0 |        0 |       0 |       0 | 1-95                                                                                                                               
  chatbot.ts                                            |       0 |        0 |       0 |       0 | 1-390                                                                                                                              
  connections-github.ts                                 |       0 |        0 |       0 |       0 | 1-165                                                                                                                              
  connections-linkedin.ts                               |       0 |        0 |       0 |       0 | 1-315                                                                                                                              
  connections-zoho.ts                                   |       0 |        0 |       0 |       0 | 1-367                                                                                                                              
  copy-template.ts                                      |       0 |        0 |       0 |       0 | 1-80                                                                                                                               
  delete-account.ts                                     |       0 |        0 |       0 |       0 | 1-33                                                                                                                               
  distributed-execute-workflow.ts                       |       0 |        0 |       0 |       0 | 1-480                                                                                                                              
  execute-agent.ts                                      |       0 |        0 |       0 |       0 | 1-364                                                                                                                              
  execute-node.ts                                       |       0 |        0 |       0 |       0 | 1-204                                                                                                                              
  execute-workflow-vm2-replacement.ts                   |       0 |        0 |       0 |       0 | 1-138                                                                                                                              
  form-field-coercion.ts                                |       0 |        0 |       0 |       0 | 1-65                                                                                                                               
  form-trigger.ts                                       |       0 |        0 |       0 |       0 | 1-542                                                                                                                              
  generate-workflow.ts                                  |       0 |        0 |       0 |       0 | 1-469                                                                                                                              
  get-credentials.ts                                    |       0 |        0 |       0 |       0 | 1-53                                                                                                                               
  memory.ts                                             |       0 |        0 |       0 |       0 | 1-339                                                                                                                              
  node-contract.ts                                      |       0 |        0 |       0 |       0 | 1-114                                                                                                                              
  node-definitions.ts                                   |       0 |        0 |       0 |       0 | 1-89                                                                                                                               
  oauth-notion.ts                                       |       0 |        0 |       0 |       0 | 1-228                                                                                                                              
  oauth-twitter.ts                                      |       0 |        0 |       0 |       0 | 1-262                                                                                                                              
  payments-razorpay.ts                                  |       0 |        0 |       0 |       0 | 1-137                                                                                                                              
  plan-chain-guards.ts                                  |       0 |        0 |       0 |       0 | 1-451                                                                                                                              
  process.ts                                            |       0 |        0 |       0 |       0 | 1-90                                                                                                                               
  save-social-token.ts                                  |       0 |        0 |       0 |       0 | 1-82                                                                                                                               
  save-workflow.ts                                      |       0 |        0 |       0 |       0 | 1-334                                                                                                                              
  smart-planner.ts                                      |       0 |        0 |       0 |       0 | 1-120                                                                                                                              
  tool-substitute.ts                                    |       0 |        0 |       0 |       0 | 1-235                                                                                                                              
  training-stats.ts                                     |       0 |        0 |       0 |       0 | 1-254                                                                                                                              
  webhook-trigger.ts                                    |       0 |        0 |       0 |       0 | 1-130                                                                                                                              
  workflow-confirm.ts                                   |       0 |        0 |       0 |       0 | 1-489                                                                                                                              
  workflow-credentials.ts                               |       0 |        0 |       0 |       0 | 1-48                                                                                                                               
  workflow-field-mode.ts                                |       0 |        0 |       0 |       0 | 1-103                                                                                                                              
  workflow-field-ownership-catalog.ts                   |       0 |        0 |       0 |       0 | 1-63                                                                                                                               
  workflow-graph-state.ts                               |       0 |        0 |       0 |       0 | 1-159                                                                                                                              
  workflow-versioning.ts                                |       0 |        0 |       0 |       0 | 1-120                                                                                                                              
  workflows-configure.ts                                |       0 |        0 |       0 |       0 | 1-266                                                                                                                              
  workflows-missing-items.ts                            |       0 |        0 |       0 |       0 | 1-56                                                                                                                               
 src/api/capability-selection                           |       0 |        0 |       0 |       0 |                                                                                                                                    
  analyze.ts                                            |       0 |        0 |       0 |       0 | 1-83                                                                                                                               
  confirm.ts                                            |       0 |        0 |       0 |       0 | 1-157                                                                                                                              
  generate.ts                                           |       0 |        0 |       0 |       0 | 1-108                                                                                                                              
 src/api/debug                                          |       0 |        0 |       0 |       0 |                                                                                                                                    
  gmail-send.ts                                         |       0 |        0 |       0 |       0 | 1-144                                                                                                                              
 src/builder                                            |       0 |        0 |       0 |       0 |                                                                                                                                    
  graphBuilder.ts                                       |       0 |        0 |       0 |       0 | 1-57                                                                                                                               
 src/core                                               |       0 |        0 |       0 |       0 |                                                                                                                                    
  ai-input-resolver.ts                                  |       0 |        0 |       0 |       0 | 1-512                                                                                                                              
  config.ts                                             |       0 |        0 |       0 |       0 | 1-68                                                                                                                               
  env-loader.ts                                         |       0 |        0 |       0 |       0 | 1-128                                                                                                                              
  intent-driven-json-router.ts                          |       0 |        0 |       0 |       0 | 1-456                                                                                                                              
  logger.ts                                             |       0 |        0 |       0 |       0 | 1-80                                                                                                                               
  workflow-ir.ts                                        |       0 |        0 |       0 |       0 | 1-489                                                                                                                              
 src/core/ai                                            |       0 |        0 |       0 |       0 |                                                                                                                                    
  build-usage-context.ts                                |       0 |        0 |       0 |       0 | 1-148                                                                                                                              
 src/core/cache                                         |       0 |        0 |       0 |       0 |                                                                                                                                    
  lru-node-outputs-cache.ts                             |       0 |        0 |       0 |       0 | 1-410                                                                                                                              
  router-result-cache.ts                                |       0 |        0 |       0 |       0 | 1-224                                                                                                                              
  workflow-cache.ts                                     |       0 |        0 |       0 |       0 | 1-198                                                                                                                              
 src/core/config                                        |       0 |        0 |       0 |       0 |                                                                                                                                    
  feature-flags.ts                                      |       0 |        0 |       0 |       0 | 1-42                                                                                                                               
 src/core/constants                                     |       0 |        0 |       0 |       0 |                                                                                                                                    
  operation-semantics.ts                                |       0 |        0 |       0 |       0 | 1-129                                                                                                                              
 src/core/contracts                                     |       0 |        0 |       0 |       0 |                                                                                                                                    
  node-schema-registry.ts                               |       0 |        0 |       0 |       0 | 1-323                                                                                                                              
  pipeline-stage-contracts.ts                           |       0 |        0 |       0 |       0 | 1-322                                                                                                                              
  types.ts                                              |       0 |        0 |       0 |       0 | 1-95                                                                                                                               
  workflow-auto-repair.ts                               |       0 |        0 |       0 |       0 | 1-290                                                                                                                              
 src/core/database                                      |       0 |        0 |       0 |       0 |                                                                                                                                    
  migration-checker.ts                                  |       0 |        0 |       0 |       0 | 1-88                                                                                                                               
  supabase-compat.ts                                    |       0 |        0 |       0 |       0 | 1-83                                                                                                                               
 src/core/error-prevention                              |       0 |        0 |       0 |       0 |                                                                                                                                    
  index.ts                                              |       0 |        0 |       0 |       0 | 1-24                                                                                                                               
 src/core/execution                                     |       0 |        0 |       0 |       0 |                                                                                                                                    
  apply-input-aliases.ts                                |       0 |        0 |       0 |       0 | 1-34                                                                                                                               
  dynamic-node-executor.ts                              |       0 |        0 |       0 |       0 | 1-1287                                                                                                                             
  execution-order-builder.ts                            |       0 |        0 |       0 |       0 | 1-260                                                                                                                              
  field-contract-engine.ts                              |       0 |        0 |       0 |       0 | 1-130                                                                                                                              
  input-guarantee.ts                                    |       0 |        0 |       0 |       0 | 1-216                                                                                                                              
  legacy-node-output-normalize.ts                       |       0 |        0 |       0 |       0 | 1-10                                                                                                                               
  node-output-contract.ts                               |       0 |        0 |       0 |       0 | 1-250                                                                                                                              
  runtime-ai-title-backfill.ts                          |       0 |        0 |       0 |       0 | 1-89                                                                                                                               
  switch-branch-router.ts                               |       0 |        0 |       0 |       0 | 1-218                                                                                                                              
  typed-condition-evaluator.ts                          |       0 |        0 |       0 |       0 | 1-496                                                                                                                              
  typed-execution-context.ts                            |       0 |        0 |       0 |       0 | 1-187                                                                                                                              
  typed-value-resolver.ts                               |       0 |        0 |       0 |       0 | 1-169                                                                                                                              
  unified-execution-engine.ts                           |       0 |        0 |       0 |       0 | 1-430                                                                                                                              
 src/core/execution/nodes                               |       0 |        0 |       0 |       0 |                                                                                                                                    
  log-output-executor.ts                                |       0 |        0 |       0 |       0 | 1-58                                                                                                                               
 src/core/middleware                                    |       0 |        0 |       0 |       0 |                                                                                                                                    
  cors.ts                                               |       0 |        0 |       0 |       0 | 1-113                                                                                                                              
  error-handler.ts                                      |       0 |        0 |       0 |       0 | 1-35                                                                                                                               
 src/core/orchestration                                 |       0 |        0 |       0 |       0 |                                                                                                                                    
  edge-reconciliation-engine.ts                         |       0 |        0 |       0 |       0 | 1-2057                                                                                                                             
  execution-order-manager.ts                            |       0 |        0 |       0 |       0 | 1-1015                                                                                                                             
  form-ifelse-binding.ts                                |       0 |        0 |       0 |       0 | 1-335                                                                                                                              
  index.ts                                              |       0 |        0 |       0 |       0 | 1-21                                                                                                                               
  node-injection-coordinator.ts                         |       0 |        0 |       0 |       0 | 1-220                                                                                                                              
  repair-ifelse-form-conditions.ts                      |       0 |        0 |       0 |       0 | 1-80                                                                                                                               
  terminal-mode-policy.ts                               |       0 |        0 |       0 |       0 | 1-67                                                                                                                               
  unified-graph-orchestrator.ts                         |       0 |        0 |       0 |       0 | 1-805                                                                                                                              
 src/core/prevention                                    |       0 |        0 |       0 |       0 |                                                                                                                                    
  proactive-error-prevention.ts                         |       0 |        0 |       0 |       0 | 1-376                                                                                                                              
 src/core/registry                                      |   32.83 |    32.55 |      45 |   32.83 |                                                                                                                                    
  comprehensive-node-pattern-generator.ts               |       0 |        0 |       0 |       0 | 1-290                                                                                                                              
  node-context-registry.ts                              |       0 |        0 |       0 |       0 | 1-206                                                                                                                              
  node-execution-stubs.ts                               |       0 |        0 |       0 |       0 | 1-373                                                                                                                              
  node-operation-index.ts                               |       0 |        0 |       0 |       0 | 1-419                                                                                                                              
  node-operation-semantics.ts                           |       0 |        0 |       0 |       0 | 1-279                                                                                                                              
  node-type-pattern-registry.ts                         |       0 |        0 |       0 |       0 | 1-719                                                                                                                              
  registry-migration-helper.ts                          |       0 |        0 |       0 |       0 | 1-199                                                                                                                              
  semantic-equivalence-auto-generator.ts                |       0 |        0 |       0 |       0 | 1-483                                                                                                                              
  semantic-node-equivalence-registry.ts                 |       0 |        0 |       0 |       0 | 1-509                                                                                                                              
  unified-node-registry-legacy-adapter.ts               |       0 |        0 |       0 |       0 | 1-140                                                                                                                              
  unified-node-registry-overrides.ts                    |       0 |        0 |       0 |       0 | 1-262                                                                                                                              
  unified-node-registry.ts                              |   97.12 |    43.75 |     100 |   97.12 | 722-723,739-753,757-761,775,783-784,1271-1284,1294-1302,1306-1312,1333-1334                                                        
 src/core/registry/overrides                            |       0 |        0 |       0 |       0 |                                                                                                                                    
  aggregate.ts                                          |       0 |        0 |       0 |       0 | 1-22                                                                                                                               
  ai-agent.ts                                           |       0 |        0 |       0 |       0 | 1-79                                                                                                                               
  ai-chat-model.ts                                      |       0 |        0 |       0 |       0 | 1-33                                                                                                                               
  ai-service.ts                                         |       0 |        0 |       0 |       0 | 1-21                                                                                                                               
  ai-shared.ts                                          |       0 |        0 |       0 |       0 | 1-92                                                                                                                               
  airtable.ts                                           |       0 |        0 |       0 |       0 | 1-22                                                                                                                               
  anthropic-claude.ts                                   |       0 |        0 |       0 |       0 | 1-7                                                                                                                                
  api-key-auth.ts                                       |       0 |        0 |       0 |       0 | 1-21                                                                                                                               
  aws-s3.ts                                             |       0 |        0 |       0 |       0 | 1-21                                                                                                                               
  bitbucket.ts                                          |       0 |        0 |       0 |       0 | 1-21                                                                                                                               
  cache-get.ts                                          |       0 |        0 |       0 |       0 | 1-21                                                                                                                               
  cache-set.ts                                          |       0 |        0 |       0 |       0 | 1-21                                                                                                                               
  chat-model.ts                                         |       0 |        0 |       0 |       0 | 1-13                                                                                                                               
  chat-trigger.ts                                       |       0 |        0 |       0 |       0 | 1-55                                                                                                                               
  clickup.ts                                            |       0 |        0 |       0 |       0 | 1-21                                                                                                                               
  database-read.ts                                      |       0 |        0 |       0 |       0 | 1-16                                                                                                                               
  database-write.ts                                     |       0 |        0 |       0 |       0 | 1-11                                                                                                                               
  date-time.ts                                          |       0 |        0 |       0 |       0 | 1-21                                                                                                                               
  delay.ts                                              |       0 |        0 |       0 |       0 | 1-22                                                                                                                               
  discord.ts                                            |       0 |        0 |       0 |       0 | 1-22                                                                                                                               
  dropbox.ts                                            |       0 |        0 |       0 |       0 | 1-21                                                                                                                               
  email.ts                                              |       0 |        0 |       0 |       0 | 1-22                                                                                                                               
  error-trigger.ts                                      |       0 |        0 |       0 |       0 | 1-44                                                                                                                               
  execute-workflow.ts                                   |       0 |        0 |       0 |       0 | 1-22                                                                                                                               
  facebook.ts                                           |       0 |        0 |       0 |       0 | 1-21                                                                                                                               
  filter.ts                                             |       0 |        0 |       0 |       0 | 1-21                                                                                                                               
  firebase.ts                                           |       0 |        0 |       0 |       0 | 1-21                                                                                                                               
  form-trigger.ts                                       |       0 |        0 |       0 |       0 | 1-127                                                                                                                              
  function-item.ts                                      |       0 |        0 |       0 |       0 | 1-21                                                                                                                               
  function.ts                                           |       0 |        0 |       0 |       0 | 1-21                                                                                                                               
  gcs.ts                                                |       0 |        0 |       0 |       0 | 1-21                                                                                                                               
  github.ts                                             |       0 |        0 |       0 |       0 | 1-21                                                                                                                               
  gitlab.ts                                             |       0 |        0 |       0 |       0 | 1-21                                                                                                                               
  google-doc.ts                                         |       0 |        0 |       0 |       0 | 1-21                                                                                                                               
  google-gemini.ts                                      |       0 |        0 |       0 |       0 | 1-7                                                                                                                                
  google-gmail.ts                                       |       0 |        0 |       0 |       0 | 1-497                                                                                                                              
  google-sheets.ts                                      |       0 |        0 |       0 |       0 | 1-23                                                                                                                               
  graphql.ts                                            |       0 |        0 |       0 |       0 | 1-21                                                                                                                               
  http-request.ts                                       |       0 |        0 |       0 |       0 | 1-23                                                                                                                               
  http-response.ts                                      |       0 |        0 |       0 |       0 | 1-21                                                                                                                               
  hubspot.ts                                            |       0 |        0 |       0 |       0 | 1-22                                                                                                                               
  if-else.ts                                            |       0 |        0 |       0 |       0 | 1-129                                                                                                                              
  instagram-trigger.ts                                  |       0 |        0 |       0 |       0 | 1-73                                                                                                                               
  instagram.ts                                          |       0 |        0 |       0 |       0 | 1-111                                                                                                                              
  interval.ts                                           |       0 |        0 |       0 |       0 | 1-36                                                                                                                               
  intuit-smes.ts                                        |       0 |        0 |       0 |       0 | 1-22                                                                                                                               
  javascript.ts                                         |       0 |        0 |       0 |       0 | 1-22                                                                                                                               
  limit.ts                                              |       0 |        0 |       0 |       0 | 1-22                                                                                                                               
  linkedin.ts                                           |       0 |        0 |       0 |       0 | 1-21                                                                                                                               
  log-output.ts                                         |       0 |        0 |       0 |       0 | 1-86                                                                                                                               
  loop.ts                                               |       0 |        0 |       0 |       0 | 1-21                                                                                                                               
  mailgun.ts                                            |       0 |        0 |       0 |       0 | 1-21                                                                                                                               
  manual-trigger.ts                                     |       0 |        0 |       0 |       0 | 1-35                                                                                                                               
  math.ts                                               |       0 |        0 |       0 |       0 | 1-23                                                                                                                               
  memory.ts                                             |       0 |        0 |       0 |       0 | 1-21                                                                                                                               
  merge.ts                                              |       0 |        0 |       0 |       0 | 1-80                                                                                                                               
  microsoft-dynamics.ts                                 |       0 |        0 |       0 |       0 | 1-22                                                                                                                               
  microsoft-teams.ts                                    |       0 |        0 |       0 |       0 | 1-21                                                                                                                               
  mongodb.ts                                            |       0 |        0 |       0 |       0 | 1-21                                                                                                                               
  mysql.ts                                              |       0 |        0 |       0 |       0 | 1-21                                                                                                                               
  notion.ts                                             |       0 |        0 |       0 |       0 | 1-22                                                                                                                               
  oauth2-auth.ts                                        |       0 |        0 |       0 |       0 | 1-21                                                                                                                               
  odoo.ts                                               |       0 |        0 |       0 |       0 | 1-21                                                                                                                               
  ollama.ts                                             |       0 |        0 |       0 |       0 | 1-7                                                                                                                                
  onedrive.ts                                           |       0 |        0 |       0 |       0 | 1-21                                                                                                                               
  openai-gpt.ts                                         |       0 |        0 |       0 |       0 | 1-7                                                                                                                                
  outlook.ts                                            |       0 |        0 |       0 |       0 | 1-21                                                                                                                               
  parallel.ts                                           |       0 |        0 |       0 |       0 | 1-29                                                                                                                               
  paypal.ts                                             |       0 |        0 |       0 |       0 | 1-21                                                                                                                               
  pipedrive.ts                                          |       0 |        0 |       0 |       0 | 1-22                                                                                                                               
  postgresql.ts                                         |       0 |        0 |       0 |       0 | 1-21                                                                                                                               
  queue-consume.ts                                      |       0 |        0 |       0 |       0 | 1-21                                                                                                                               
  queue-push.ts                                         |       0 |        0 |       0 |       0 | 1-21                                                                                                                               
  read-binary-file.ts                                   |       0 |        0 |       0 |       0 | 1-21                                                                                                                               
  retry.ts                                              |       0 |        0 |       0 |       0 | 1-33                                                                                                                               
  return.ts                                             |       0 |        0 |       0 |       0 | 1-22                                                                                                                               
  salesforce.ts                                         |       0 |        0 |       0 |       0 | 1-22                                                                                                                               
  sap.ts                                                |       0 |        0 |       0 |       0 | 1-105                                                                                                                              
  schedule.ts                                           |       0 |        0 |       0 |       0 | 1-36                                                                                                                               
  sendgrid.ts                                           |       0 |        0 |       0 |       0 | 1-21                                                                                                                               
  sentiment-analyzer.ts                                 |       0 |        0 |       0 |       0 | 1-22                                                                                                                               
  set-variable.ts                                       |       0 |        0 |       0 |       0 | 1-23                                                                                                                               
  shopify.ts                                            |       0 |        0 |       0 |       0 | 1-21                                                                                                                               
  slack-message.ts                                      |       0 |        0 |       0 |       0 | 1-117                                                                                                                              
  sort.ts                                               |       0 |        0 |       0 |       0 | 1-22                                                                                                                               
  split-in-batches.ts                                   |       0 |        0 |       0 |       0 | 1-21                                                                                                                               
  stripe.ts                                             |       0 |        0 |       0 |       0 | 1-21                                                                                                                               
  supabase.ts                                           |       0 |        0 |       0 |       0 | 1-21                                                                                                                               
  switch.ts                                             |       0 |        0 |       0 |       0 | 1-206                                                                                                                              
  tally.ts                                              |       0 |        0 |       0 |       0 | 1-22                                                                                                                               
  telegram.ts                                           |       0 |        0 |       0 |       0 | 1-22                                                                                                                               
  text-formatter.ts                                     |       0 |        0 |       0 |       0 | 1-21                                                                                                                               
  text-summarizer.ts                                    |       0 |        0 |       0 |       0 | 1-22                                                                                                                               
  timeout.ts                                            |       0 |        0 |       0 |       0 | 1-42                                                                                                                               
  tool.ts                                               |       0 |        0 |       0 |       0 | 1-21                                                                                                                               
  try-catch.ts                                          |       0 |        0 |       0 |       0 | 1-97                                                                                                                               
  twilio.ts                                             |       0 |        0 |       0 |       0 | 1-21                                                                                                                               
  twitter.ts                                            |       0 |        0 |       0 |       0 | 1-21                                                                                                                               
  wait.ts                                               |       0 |        0 |       0 |       0 | 1-23                                                                                                                               
  webhook.ts                                            |       0 |        0 |       0 |       0 | 1-50                                                                                                                               
  whatsapp-cloud.ts                                     |       0 |        0 |       0 |       0 | 1-21                                                                                                                               
  whatsapp-trigger.ts                                   |       0 |        0 |       0 |       0 | 1-75                                                                                                                               
  whatsapp.ts                                           |       0 |        0 |       0 |       0 | 1-124                                                                                                                              
  woocommerce.ts                                        |       0 |        0 |       0 |       0 | 1-21                                                                                                                               
  workflow-trigger.ts                                   |       0 |        0 |       0 |       0 | 1-35                                                                                                                               
  write-binary-file.ts                                  |       0 |        0 |       0 |       0 | 1-21                                                                                                                               
  youtube.ts                                            |       0 |        0 |       0 |       0 | 1-21                                                                                                                               
  zoho.ts                                               |       0 |        0 |       0 |       0 | 1-21                                                                                                                               
  zoom-video.ts                                         |       0 |        0 |       0 |       0 | 1-97                                                                                                                               
 src/core/runtime                                       |       0 |        0 |       0 |       0 |                                                                                                                                    
  runtime-input-adapter.ts                              |       0 |        0 |       0 |       0 | 1-146                                                                                                                              
 src/core/types                                         |   15.02 |        0 |   14.28 |   15.02 |                                                                                                                                    
  ai-editor-auth.ts                                     |       0 |        0 |       0 |       0 | 1-92                                                                                                                               
  ai-editor-contracts.ts                                |       0 |        0 |       0 |       0 | 1-285                                                                                                                              
  ai-types.ts                                           |       0 |        0 |       0 |       0 | 1-320                                                                                                                              
  branching.ts                                          |       0 |        0 |       0 |       0 | 1-132                                                                                                                              
  node-context.ts                                       |       0 |        0 |       0 |       0 | 1-560                                                                                                                              
  node-definition.ts                                    |       0 |        0 |       0 |       0 | 1-242                                                                                                                              
  node-metadata.ts                                      |       0 |        0 |       0 |       0 | 1-506                                                                                                                              
  node-output-types.ts                                  |     100 |      100 |     100 |     100 |                                                                                                                                    
  pipeline-contracts.ts                                 |       0 |        0 |       0 |       0 | 1-210                                                                                                                              
  unified-node-contract.ts                              |       0 |        0 |       0 |       0 | 1-448                                                                                                                              
  unified-node-type.ts                                  |       0 |        0 |       0 |       0 | 1-113                                                                                                                              
  workflow-build-manifest.ts                            |       0 |        0 |       0 |       0 | 1-88                                                                                                                               
  workflow-plan.ts                                      |       0 |        0 |       0 |       0 | 1-74                                                                                                                               
 src/core/utils                                         |    1.46 |     4.16 |       5 |    1.46 |                                                                                                                                    
  ai-specified-nodes-context.ts                         |       0 |        0 |       0 |       0 | 1-122                                                                                                                              
  attach-inputs-merge-guard.ts                          |       0 |        0 |       0 |       0 | 1-117                                                                                                                              
  branch-intent-model.ts                                |       0 |        0 |       0 |       0 | 1-277                                                                                                                              
  branch-slot-contract.ts                               |       0 |        0 |       0 |       0 | 1-61                                                                                                                               
  branching-intent-from-prompt.ts                       |       0 |        0 |       0 |       0 | 1-91                                                                                                                               
  branching-node-ports.ts                               |       0 |        0 |       0 |       0 | 1-63                                                                                                                               
  check-google-auth.ts                                  |       0 |        0 |       0 |       0 | 1-71                                                                                                                               
  comprehensive-alias-resolver.ts                       |       0 |        0 |       0 |       0 | 1-1299                                                                                                                             
  credential-extractor.ts                               |       0 |        0 |       0 |       0 | 1-168                                                                                                                              
  credential-field-vault-meta.ts                        |       0 |        0 |       0 |       0 | 1-64                                                                                                                               
  credential-retriever.ts                               |       0 |        0 |       0 |       0 | 1-78                                                                                                                               
  error-codes.ts                                        |       0 |        0 |       0 |       0 | 1-92                                                                                                                               
  explicit-intent-extractor.ts                          |       0 |        0 |       0 |       0 | 1-170                                                                                                                              
  field-guidance-inventory.ts                           |       0 |        0 |       0 |       0 | 1-141                                                                                                                              
  field-help-metadata.ts                                |       0 |        0 |       0 |       0 | 1-182                                                                                                                              
  field-ownership.ts                                    |     100 |      100 |     100 |     100 |                                                                                                                                    
  fill-mode-resolver.ts                                 |   82.52 |       20 |     100 |   82.52 | 16,22,69-70,76-77,80-85,87-92                                                                                                      
  form-field-identity.ts                                |       0 |        0 |       0 |       0 | 1-132                                                                                                                              
  if-else-conditions.ts                                 |       0 |        0 |       0 |       0 | 1-224                                                                                                                              
  immutable-helpers.ts                                  |       0 |        0 |       0 |       0 | 1-129                                                                                                                              
  intent-aware-property-selector.ts                     |       0 |        0 |       0 |       0 | 1-300                                                                                                                              
  is-empty-value.ts                                     |       0 |        0 |       0 |       0 | 1-61                                                                                                                               
  node-authority.ts                                     |       0 |        0 |       0 |       0 | 1-72                                                                                                                               
  node-capability-dedupe.ts                             |       0 |        0 |       0 |       0 | 1-68                                                                                                                               
  node-compliance-matrix.ts                             |       0 |        0 |       0 |       0 | 1-152                                                                                                                              
  node-handle-registry.ts                               |       0 |        0 |       0 |       0 | 1-546                                                                                                                              
  node-registry-gates.ts                                |       0 |        0 |       0 |       0 | 1-103                                                                                                                              
  node-role.ts                                          |       0 |        0 |       0 |       0 | 1-24                                                                                                                               
  node-type-normalizer.ts                               |       0 |        0 |       0 |       0 | 1-95                                                                                                                               
  node-type-resolver-util.ts                            |       0 |        0 |       0 |       0 | 1-83                                                                                                                               
  nodeIdResolver.ts                                     |       0 |        0 |       0 |       0 | 1-204                                                                                                                              
  object-utils.ts                                       |       0 |        0 |       0 |       0 | 1-88                                                                                                                               
  placeholder-filter.ts                                 |       0 |        0 |       0 |       0 | 1-207                                                                                                                              
  recipient-resolver.ts                                 |       0 |        0 |       0 |       0 | 1-249                                                                                                                              
  runtime-context-builder.ts                            |       0 |        0 |       0 |       0 | 1-182                                                                                                                              
  safe-json-stringify.ts                                |       0 |        0 |       0 |       0 | 1-68                                                                                                                               
  schema-field-control.ts                               |       0 |        0 |       0 |       0 | 1-45                                                                                                                               
  schema-input-control.ts                               |       0 |        0 |       0 |       0 | 1-99                                                                                                                               
  switch-expression-eval.ts                             |       0 |        0 |       0 |       0 | 1-53                                                                                                                               
  text-normalization.ts                                 |       0 |        0 |       0 |       0 | 1-17                                                                                                                               
  token-encryption.ts                                   |       0 |        0 |       0 |       0 | 1-160                                                                                                                              
  trigger-deduplicator.ts                               |       0 |        0 |       0 |       0 | 1-283                                                                                                                              
  type-converter.ts                                     |       0 |        0 |       0 |       0 | 1-425                                                                                                                              
  unified-node-type-matcher.ts                          |       0 |        0 |       0 |       0 | 1-431                                                                                                                              
  unified-node-type-normalizer.ts                       |       0 |        0 |       0 |       0 | 1-208                                                                                                                              
  universal-category-resolver.ts                        |       0 |        0 |       0 |       0 | 1-236                                                                                                                              
  universal-handle-resolver.ts                          |       0 |        0 |       0 |       0 | 1-227                                                                                                                              
  universal-node-analyzer.ts                            |       0 |        0 |       0 |       0 | 1-231                                                                                                                              
  universal-node-type-checker.ts                        |       0 |        0 |       0 |       0 | 1-307                                                                                                                              
  universal-template-resolver.ts                        |       0 |        0 |       0 |       0 | 1-253                                                                                                                              
  universal-variation-node-categorizer.ts               |       0 |        0 |       0 |       0 | 1-400                                                                                                                              
  upstream-narrative-text.ts                            |       0 |        0 |       0 |       0 | 1-63                                                                                                                               
  upstream-payload-signal.ts                            |       0 |        0 |       0 |       0 | 1-110                                                                                                                              
  workflow-build-manifest-utils.ts                      |       0 |        0 |       0 |       0 | 1-232                                                                                                                              
  workflow-cloner.ts                                    |       0 |        0 |       0 |       0 | 1-92                                                                                                                               
  workflow-graph-normalizer.ts                          |       0 |        0 |       0 |       0 | 1-632                                                                                                                              
  workflow-node-position.ts                             |       0 |        0 |       0 |       0 | 1-53                                                                                                                               
  workflow-runtime-intent.ts                            |       0 |        0 |       0 |       0 | 1-67                                                                                                                               
  workflow-topology-fingerprint.ts                      |       0 |        0 |       0 |       0 | 1-200                                                                                                                              
 src/core/validation                                    |       0 |        0 |       0 |       0 |                                                                                                                                    
  dag-validator.ts                                      |       0 |        0 |       0 |       0 | 1-456                                                                                                                              
  edge-creation-validator.ts                            |       0 |        0 |       0 |       0 | 1-210                                                                                                                              
  graph-branching-validator.ts                          |       0 |        0 |       0 |       0 | 1-149                                                                                                                              
  node-schemas.ts                                       |       0 |        0 |       0 |       0 | 1-484                                                                                                                              
  registry-field-contract.ts                            |       0 |        0 |       0 |       0 | 1-96                                                                                                                               
  schema-based-validator.ts                             |       0 |        0 |       0 |       0 | 1-155                                                                                                                              
  semantic-connection-validator.ts                      |       0 |        0 |       0 |       0 | 1-415                                                                                                                              
  type-validator.ts                                     |       0 |        0 |       0 |       0 | 1-290                                                                                                                              
  universal-branching-validator.ts                      |       0 |        0 |       0 |       0 | 1-264                                                                                                                              
  validation-middleware.ts                              |       0 |        0 |       0 |       0 | 1-277                                                                                                                              
  webhook-url-validator.ts                              |       0 |        0 |       0 |       0 | 1-127                                                                                                                              
  workflow-config-hydrator.ts                           |       0 |        0 |       0 |       0 | 1-65                                                                                                                               
  workflow-plan-validator.ts                            |       0 |        0 |       0 |       0 | 1-136                                                                                                                              
  workflow-save-validator.ts                            |       0 |        0 |       0 |       0 | 1-709                                                                                                                              
  workflow-validator.ts                                 |       0 |        0 |       0 |       0 | 1-123                                                                                                                              
 src/credentials                                        |       0 |        0 |       0 |       0 |                                                                                                                                    
  credentialManager.ts                                  |       0 |        0 |       0 |       0 | 1-55                                                                                                                               
 src/executors                                          |       0 |        0 |       0 |       0 |                                                                                                                                    
  clickup.executor.ts                                   |       0 |        0 |       0 |       0 | 1-295                                                                                                                              
 src/memory                                             |       0 |        0 |       0 |       0 |                                                                                                                                    
  CacheManager.ts                                       |       0 |        0 |       0 |       0 | 1-139                                                                                                                              
  MemoryManager.ts                                      |       0 |        0 |       0 |       0 | 1-486                                                                                                                              
  ReferenceBuilder.ts                                   |       0 |        0 |       0 |       0 | 1-226                                                                                                                              
  VectorStore.ts                                        |       0 |        0 |       0 |       0 | 1-170                                                                                                                              
  WorkflowAnalyzer.ts                                   |       0 |        0 |       0 |       0 | 1-342                                                                                                                              
  config.ts                                             |       0 |        0 |       0 |       0 | 1-33                                                                                                                               
  index.ts                                              |       0 |        0 |       0 |       0 | 1-75                                                                                                                               
  types.ts                                              |       0 |        0 |       0 |       0 | 1-243                                                                                                                              
 src/memory/utils                                       |       0 |        0 |       0 |       0 |                                                                                                                                    
  embeddings.ts                                         |       0 |        0 |       0 |       0 | 1-147                                                                                                                              
 src/nodes/definitions                                  |       0 |        0 |       0 |       0 |                                                                                                                                    
  airtable-node.ts                                      |       0 |        0 |       0 |       0 | 1-269                                                                                                                              
  facebook-node.ts                                      |       0 |        0 |       0 |       0 | 1-159                                                                                                                              
  firebase-node.ts                                      |       0 |        0 |       0 |       0 | 1-141                                                                                                                              
  from-node-library.ts                                  |       0 |        0 |       0 |       0 | 1-152                                                                                                                              
  gcs-node.ts                                           |       0 |        0 |       0 |       0 | 1-128                                                                                                                              
  google-calendar-node.ts                               |       0 |        0 |       0 |       0 | 1-406                                                                                                                              
  google-veo-node.ts                                    |       0 |        0 |       0 |       0 | 1-215                                                                                                                              
  http-request-node.ts                                  |       0 |        0 |       0 |       0 | 1-102                                                                                                                              
  if-else-node.ts                                       |       0 |        0 |       0 |       0 | 1-101                                                                                                                              
  index.ts                                              |       0 |        0 |       0 |       0 | 1-110                                                                                                                              
  instagram-node.ts                                     |       0 |        0 |       0 |       0 | 1-400                                                                                                                              
  interval-trigger-node.ts                              |       0 |        0 |       0 |       0 | 1-58                                                                                                                               
  intuit-smes-node.ts                                   |       0 |        0 |       0 |       0 | 1-141                                                                                                                              
  javascript-node.ts                                    |       0 |        0 |       0 |       0 | 1-52                                                                                                                               
  lightricks-node.ts                                    |       0 |        0 |       0 |       0 | 1-271                                                                                                                              
  log-output-node.ts                                    |       0 |        0 |       0 |       0 | 1-68                                                                                                                               
  manual-trigger-node.ts                                |       0 |        0 |       0 |       0 | 1-27                                                                                                                               
  mongodb-node.ts                                       |       0 |        0 |       0 |       0 | 1-227                                                                                                                              
  mysql-node.ts                                         |       0 |        0 |       0 |       0 | 1-169                                                                                                                              
  notion-node.ts                                        |       0 |        0 |       0 |       0 | 1-319                                                                                                                              
  pipedrive-node.ts                                     |       0 |        0 |       0 |       0 | 1-616                                                                                                                              
  postgres-node.ts                                      |       0 |        0 |       0 |       0 | 1-169                                                                                                                              
  redis-node.ts                                         |       0 |        0 |       0 |       0 | 1-180                                                                                                                              
  schedule-trigger-node.ts                              |       0 |        0 |       0 |       0 | 1-75                                                                                                                               
  sendgrid-node.ts                                      |       0 |        0 |       0 |       0 | 1-84                                                                                                                               
  snowflake-node.ts                                     |       0 |        0 |       0 |       0 | 1-206                                                                                                                              
  sql-server-node.ts                                    |       0 |        0 |       0 |       0 | 1-188                                                                                                                              
  sqlite-node.ts                                        |       0 |        0 |       0 |       0 | 1-132                                                                                                                              
  supabase-node.ts                                      |       0 |        0 |       0 |       0 | 1-173                                                                                                                              
  tally-node.ts                                         |       0 |        0 |       0 |       0 | 1-124                                                                                                                              
  timescaledb-node.ts                                   |       0 |        0 |       0 |       0 | 1-216                                                                                                                              
  twitter-node.ts                                       |       0 |        0 |       0 |       0 | 1-544                                                                                                                              
  webhook-trigger-node.ts                               |       0 |        0 |       0 |       0 | 1-56                                                                                                                               
  whatsapp-node.ts                                      |       0 |        0 |       0 |       0 | 1-656                                                                                                                              
 src/planner                                            |       0 |        0 |       0 |       0 |                                                                                                                                    
  plannerAgent.ts                                       |       0 |        0 |       0 |       0 | 1-226                                                                                                                              
  types.ts                                              |       0 |        0 |       0 |       0 | 1-18                                                                                                                               
 src/questions                                          |       0 |        0 |       0 |       0 |                                                                                                                                    
  questionEngine.ts                                     |       0 |        0 |       0 |       0 | 1-59                                                                                                                               
 src/resolver                                           |       0 |        0 |       0 |       0 |                                                                                                                                    
  nodeResolver.ts                                       |       0 |        0 |       0 |       0 | 1-86                                                                                                                               
 src/services                                           |       0 |        0 |       0 |       0 |                                                                                                                                    
  chatbot-page-generator.ts                             |       0 |        0 |       0 |       0 | 1-491                                                                                                                              
  connection-builder.ts                                 |       0 |        0 |       0 |       0 | 1-432                                                                                                                              
  credential-vault.ts                                   |       0 |        0 |       0 |       0 | 1-537                                                                                                                              
  data-flow-contract-layer.ts                           |       0 |        0 |       0 |       0 | 1-872                                                                                                                              
  data-selector.ts                                      |       0 |        0 |       0 |       0 | 1-434                                                                                                                              
  execution-queue.ts                                    |       0 |        0 |       0 |       0 | 1-623                                                                                                                              
  execution-reliability.ts                              |       0 |        0 |       0 |       0 | 1-542                                                                                                                              
  field-mapper.ts                                       |       0 |        0 |       0 |       0 | 1-579                                                                                                                              
  fix-agent.ts                                          |       0 |        0 |       0 |       0 | 1-495                                                                                                                              
  node-auto-configurator.ts                             |       0 |        0 |       0 |       0 | 1-667                                                                                                                              
  step-node-mapper.ts                                   |       0 |        0 |       0 |       0 | 1-529                                                                                                                              
  workflow-checkpoint.ts                                |       0 |        0 |       0 |       0 | 1-450                                                                                                                              
  workflow-lifecycle-manager.ts                         |       0 |        0 |       0 |       0 | 1-2692                                                                                                                             
  workflow-logger.ts                                    |       0 |        0 |       0 |       0 | 1-701                                                                                                                              
  workflow-planner.ts                                   |       0 |        0 |       0 |       0 | 1-1205                                                                                                                             
  workflow-versioning.ts                                |       0 |        0 |       0 |       0 | 1-678                                                                                                                              
 src/services/ai                                        |       0 |        0 |       0 |       0 |                                                                                                                                    
  ai-adapter.ts                                         |       0 |        0 |       0 |       0 | 1-138                                                                                                                              
  ai-data-transformation-layer.ts                       |       0 |        0 |       0 |       0 | 1-522                                                                                                                              
  ai-driven-workflow-configurator.ts                    |       0 |        0 |       0 |       0 | 1-212                                                                                                                              
  ai-dsl-node-analyzer.ts                               |       0 |        0 |       0 |       0 | 1-809                                                                                                                              
  ai-editor-audit.ts                                    |       0 |        0 |       0 |       0 | 1-91                                                                                                                               
  ai-editor-rbac.ts                                     |       0 |        0 |       0 |       0 | 1-121                                                                                                                              
  ai-field-detector.ts                                  |       0 |        0 |       0 |       0 | 1-210                                                                                                                              
  ai-first-pipeline.ts                                  |       0 |        0 |       0 |       0 | 1-754                                                                                                                              
  ai-workflow-validator.ts                              |       0 |        0 |       0 |       0 | 1-473                                                                                                                              
  build-modes.ts                                        |       0 |        0 |       0 |       0 | 1-76                                                                                                                               
  buildtime-text-helper.ts                              |       0 |        0 |       0 |       0 | 1-66                                                                                                                               
  capability-based-validator.ts                         |       0 |        0 |       0 |       0 | 1-425                                                                                                                              
  capability-registry.ts                                |       0 |        0 |       0 |       0 | 1-335                                                                                                                              
  capability-resolver.ts                                |       0 |        0 |       0 |       0 | 1-244                                                                                                                              
  chichu-chatbot.ts                                     |       0 |        0 |       0 |       0 | 1-391                                                                                                                              
  comprehensive-ai-node-analyzer.ts                     |       0 |        0 |       0 |       0 | 1-580                                                                                                                              
  comprehensive-credential-scanner.ts                   |       0 |        0 |       0 |       0 | 1-461                                                                                                                              
  comprehensive-node-questions-generator.ts             |       0 |        0 |       0 |       0 | 1-1732                                                                                                                             
  confidence-scorer.ts                                  |       0 |        0 |       0 |       0 | 1-135                                                                                                                              
  connection-validator.ts                               |       0 |        0 |       0 |       0 | 1-495                                                                                                                              
  context-aware-node-selector.ts                        |       0 |        0 |       0 |       0 | 1-303                                                                                                                              
  context-aware-prompt-enhancer.ts                      |       0 |        0 |       0 |       0 | 1-361                                                                                                                              
  continuous-learning.ts                                |       0 |        0 |       0 |       0 | 1-535                                                                                                                              
  credential-config-satisfaction.ts                     |       0 |        0 |       0 |       0 | 1-70                                                                                                                               
  credential-detector.ts                                |       0 |        0 |       0 |       0 | 1-167                                                                                                                              
  credential-discovery-phase.ts                         |       0 |        0 |       0 |       0 | 1-535                                                                                                                              
  credential-injector.ts                                |       0 |        0 |       0 |       0 | 1-196                                                                                                                              
  credential-input-discovery.ts                         |       0 |        0 |       0 |       0 | 1-225                                                                                                                              
  credential-preflight-check.ts                         |       0 |        0 |       0 |       0 | 1-202                                                                                                                              
  credential-resolver.ts                                |       0 |        0 |       0 |       0 | 1-673                                                                                                                              
  dependency-planner.ts                                 |       0 |        0 |       0 |       0 | 1-394                                                                                                                              
  deterministic-workflow-compiler.ts                    |       0 |        0 |       0 |       0 | 1-618                                                                                                                              
  domain-intent-handler.ts                              |       0 |        0 |       0 |       0 | 1-300                                                                                                                              
  enhanced-edge-creation-service.ts                     |       0 |        0 |       0 |       0 | 1-455                                                                                                                              
  enhanced-keyword-matcher.ts                           |       0 |        0 |       0 |       0 | 1-243                                                                                                                              
  enhanced-node-reference.ts                            |       0 |        0 |       0 |       0 | 1-469                                                                                                                              
  enhanced-workflow-analyzer.ts                         |       0 |        0 |       0 |       0 | 1-550                                                                                                                              
  error-branch-injector.ts                              |       0 |        0 |       0 |       0 | 1-87                                                                                                                               
  error-recovery.ts                                     |       0 |        0 |       0 |       0 | 1-318                                                                                                                              
  execution-order-enforcer.ts                           |       0 |        0 |       0 |       0 | 1-648                                                                                                                              
  failure-memory.ts                                     |       0 |        0 |       0 |       0 | 1-280                                                                                                                              
  fallback-intent-generator.ts                          |       0 |        0 |       0 |       0 | 1-443                                                                                                                              
  fallback-manager.ts                                   |       0 |        0 |       0 |       0 | 1-72                                                                                                                               
  fallback-strategies.ts                                |       0 |        0 |       0 |       0 | 1-340                                                                                                                              
  field-ownership-guidance-prompt.ts                    |       0 |        0 |       0 |       0 | 1-49                                                                                                                               
  final-workflow-validator.ts                           |       0 |        0 |       0 |       0 | 1-1058                                                                                                                             
  form-field-type-evidence.ts                           |       0 |        0 |       0 |       0 | 1-77                                                                                                                               
  form-field-type-resolver.ts                           |       0 |        0 |       0 |       0 | 1-90                                                                                                                               
  form-fields-structural-llm.ts                         |       0 |        0 |       0 |       0 | 1-120                                                                                                                              
  gemini-node-selector.ts                               |       0 |        0 |       0 |       0 | 1-95                                                                                                                               
  gemini-orchestrator.ts                                |       0 |        0 |       0 |       0 | 1-412                                                                                                                              
  index.ts                                              |       0 |        0 |       0 |       0 | 1-19                                                                                                                               
  industry-workflow-templates.ts                        |       0 |        0 |       0 |       0 | 1-435                                                                                                                              
  input-field-mapper.ts                                 |       0 |        0 |       0 |       0 | 1-645                                                                                                                              
  intelligent-config-filler.ts                          |       0 |        0 |       0 |       0 | 1-360                                                                                                                              
  intent-auto-expander.ts                               |       0 |        0 |       0 |       0 | 1-384                                                                                                                              
  intent-aware-planner.ts                               |       0 |        0 |       0 |       0 | 1-1526                                                                                                                             
  intent-capability-mapper.ts                           |       0 |        0 |       0 |       0 | 1-463                                                                                                                              
  intent-classifier.ts                                  |       0 |        0 |       0 |       0 | 1-254                                                                                                                              
  intent-completeness-validator.ts                      |       0 |        0 |       0 |       0 | 1-269                                                                                                                              
  intent-confidence-scorer.ts                           |       0 |        0 |       0 |       0 | 1-310                                                                                                                              
  intent-constraint-engine.ts                           |       0 |        0 |       0 |       0 | 1-1221                                                                                                                             
  intent-dsl-semantic-mapper.ts                         |       0 |        0 |       0 |       0 | 1-447                                                                                                                              
  intent-engine.ts                                      |       0 |        0 |       0 |       0 | 1-366                                                                                                                              
  intent-extraction-layer.ts                            |       0 |        0 |       0 |       0 | 1-311                                                                                                                              
  intent-extraction.ts                                  |       0 |        0 |       0 |       0 | 1-447                                                                                                                              
  intent-extractor.ts                                   |       0 |        0 |       0 |       0 | 1-520                                                                                                                              
  intent-repair-engine.ts                               |       0 |        0 |       0 |       0 | 1-361                                                                                                                              
  intent-structural-projection.ts                       |       0 |        0 |       0 |       0 | 1-261                                                                                                                              
  intent-structurer.ts                                  |       0 |        0 |       0 |       0 | 1-447                                                                                                                              
  intent-validator.ts                                   |       0 |        0 |       0 |       0 | 1-250                                                                                                                              
  keyword-node-selector.ts                              |       0 |        0 |       0 |       0 | 1-196                                                                                                                              
  linear-workflow-connector.ts                          |       0 |        0 |       0 |       0 | 1-441                                                                                                                              
  llm-guardrails.ts                                     |       0 |        0 |       0 |       0 | 1-482                                                                                                                              
  llm-safety-guard.ts                                   |       0 |        0 |       0 |       0 | 1-545                                                                                                                              
  loop-insertion-rule.ts                                |       0 |        0 |       0 |       0 | 1-134                                                                                                                              
  metrics-tracker.ts                                    |       0 |        0 |       0 |       0 | 1-144                                                                                                                              
  minimal-workflow-policy.ts                            |       0 |        0 |       0 |       0 | 1-814                                                                                                                              
  missing-node-injector.ts                              |       0 |        0 |       0 |       0 | 1-356                                                                                                                              
  model-manager.ts                                      |       0 |        0 |       0 |       0 | 1-84                                                                                                                               
  node-capability-registry-dsl.ts                       |       0 |        0 |       0 |       0 | 1-418                                                                                                                              
  node-catalog-builder.ts                               |       0 |        0 |       0 |       0 | 1-249                                                                                                                              
  node-compatibility-matrix.ts                          |       0 |        0 |       0 |       0 | 1-200                                                                                                                              
  node-credential-analyzer.ts                           |       0 |        0 |       0 |       0 | 1-545                                                                                                                              
  node-credential-requirements.ts                       |       0 |        0 |       0 |       0 | 1-483                                                                                                                              
  node-data-type-system.ts                              |       0 |        0 |       0 |       0 | 1-604                                                                                                                              
  node-defaults.ts                                      |       0 |        0 |       0 |       0 | 1-250                                                                                                                              
  node-dependency-resolver.ts                           |       0 |        0 |       0 |       0 | 1-208                                                                                                                              
  node-description-builder.ts                           |       0 |        0 |       0 |       0 | 1-585                                                                                                                              
  node-equivalence-mapper.ts                            |       0 |        0 |       0 |       0 | 1-370                                                                                                                              
  node-input-questions.ts                               |       0 |        0 |       0 |       0 | 1-405                                                                                                                              
  node-mapper.ts                                        |       0 |        0 |       0 |       0 | 1-541                                                                                                                              
  node-metadata-enricher.ts                             |       0 |        0 |       0 |       0 | 1-302                                                                                                                              
  node-question-adapter.ts                              |       0 |        0 |       0 |       0 | 1-167                                                                                                                              
  node-question-order.ts                                |       0 |        0 |       0 |       0 | 1-2588                                                                                                                             
  node-question-validator.ts                            |       0 |        0 |       0 |       0 | 1-247                                                                                                                              
  node-replacement-tracker.ts                           |       0 |        0 |       0 |       0 | 1-204                                                                                                                              
  node-resolver.ts                                      |       0 |        0 |       0 |       0 | 1-1000                                                                                                                             
  node-sufficiency-checker.ts                           |       0 |        0 |       0 |       0 | 1-97                                                                                                                               
  node-type-normalization-service.ts                    |       0 |        0 |       0 |       0 | 1-201                                                                                                                              
  node-type-normalizer.ts                               |       0 |        0 |       0 |       0 | 1-39                                                                                                                               
  output-validator.ts                                   |       0 |        0 |       0 |       0 | 1-327                                                                                                                              
  pending-credential-store.ts                           |       0 |        0 |       0 |       0 | 1-47                                                                                                                               
  performance-monitor.ts                                |       0 |        0 |       0 |       0 | 1-228                                                                                                                              
  performance-optimizer.ts                              |       0 |        0 |       0 |       0 | 1-175                                                                                                                              
  pipeline-observability.ts                             |       0 |        0 |       0 |       0 | 1-31                                                                                                                               
  pipeline-reasoning-coordinator.ts                     |       0 |        0 |       0 |       0 | 1-96                                                                                                                               
  plan-chain-prune.ts                                   |       0 |        0 |       0 |       0 | 1-97                                                                                                                               
  plan-driven-workflow-builder.ts                       |       0 |        0 |       0 |       0 | 1-328                                                                                                                              
  planner-engine.ts                                     |       0 |        0 |       0 |       0 | 1-471                                                                                                                              
  planner-prompt-merge.ts                               |       0 |        0 |       0 |       0 | 1-12                                                                                                                               
  planner-to-intent-converter.ts                        |       0 |        0 |       0 |       0 | 1-126                                                                                                                              
  platform-selection-resolver.ts                        |       0 |        0 |       0 |       0 | 1-233                                                                                                                              
  pre-compilation-validator.ts                          |       0 |        0 |       0 |       0 | 1-260                                                                                                                              
  production-workflow-builder.ts                        |       0 |        0 |       0 |       0 | 1-4126                                                                                                                             
  prompt-normalizer.ts                                  |       0 |        0 |       0 |       0 | 1-506                                                                                                                              
  prompt-understanding-service.ts                       |       0 |        0 |       0 |       0 | 1-718                                                                                                                              
  property-inference-engine.ts                          |       0 |        0 |       0 |       0 | 1-499                                                                                                                              
  question-formatter.ts                                 |       0 |        0 |       0 |       0 | 1-210                                                                                                                              
  registry-based-node-hydrator.ts                       |       0 |        0 |       0 |       0 | 1-180                                                                                                                              
  registry-based-node-inference.ts                      |       0 |        0 |       0 |       0 | 1-143                                                                                                                              
  registry-structural-fill-contract.ts                  |       0 |        0 |       0 |       0 | 1-97                                                                                                                               
  repair-engine.ts                                      |       0 |        0 |       0 |       0 | 1-414                                                                                                                              
  required-field-populator.ts                           |       0 |        0 |       0 |       0 | 1-379                                                                                                                              
  requirements-extractor.ts                             |       0 |        0 |       0 |       0 | 1-871                                                                                                                              
  resolution-learning-cache.ts                          |       0 |        0 |       0 |       0 | 1-229                                                                                                                              
  robust-edge-generator.ts                              |       0 |        0 |       0 |       0 | 1-246                                                                                                                              
  safety-node-injector.ts                               |       0 |        0 |       0 |       0 | 1-597                                                                                                                              
  schema-aware-template-generator.ts                    |       0 |        0 |       0 |       0 | 1-349                                                                                                                              
  schema-driven-connection-resolver.ts                  |       0 |        0 |       0 |       0 | 1-303                                                                                                                              
  self-healing-workflow-engine.ts                       |       0 |        0 |       0 |       0 | 1-718                                                                                                                              
  semantic-intent-analyzer.ts                           |       0 |        0 |       0 |       0 | 1-258                                                                                                                              
  semantic-node-resolver.ts                             |       0 |        0 |       0 |       0 | 1-455                                                                                                                              
  semantic-operation-merger.ts                          |       0 |        0 |       0 |       0 | 1-343                                                                                                                              
  simple-intent.ts                                      |       0 |        0 |       0 |       0 | 1-110                                                                                                                              
  smart-node-configurator.ts                            |       0 |        0 |       0 |       0 | 1-175                                                                                                                              
  smart-planner-adapter.ts                              |       0 |        0 |       0 |       0 | 1-30                                                                                                                               
  stage-progress-map.ts                                 |       0 |        0 |       0 |       0 | 1-53                                                                                                                               
  stage-validation-layers.ts                            |       0 |        0 |       0 |       0 | 1-303                                                                                                                              
  step-to-node-mapper.ts                                |       0 |        0 |       0 |       0 | 1-363                                                                                                                              
  structural-blueprint-builder.ts                       |       0 |        0 |       0 |       0 | 1-177                                                                                                                              
  structure-materializer.ts                             |       0 |        0 |       0 |       0 | 1-540                                                                                                                              
  structured-intent-validator.ts                        |       0 |        0 |       0 |       0 | 1-224                                                                                                                              
  structured-prompt-parser.ts                           |       0 |        0 |       0 |       0 | 1-170                                                                                                                              
  structured-workflow-prompt.ts                         |       0 |        0 |       0 |       0 | 1-54                                                                                                                               
  summarize-layer.ts                                    |       0 |        0 |       0 |       0 | 1-7856                                                                                                                             
  switch-case-node-mapping.ts                           |       0 |        0 |       0 |       0 | 1-116                                                                                                                              
  switch-case-plan.ts                                   |       0 |        0 |       0 |       0 | 1-207                                                                                                                              
  system-prompt-builder.ts                              |       0 |        0 |       0 |       0 | 1-583                                                                                                                              
  template-based-generator.ts                           |       0 |        0 |       0 |       0 | 1-442                                                                                                                              
  template-expression-validator.ts                      |       0 |        0 |       0 |       0 | 1-346                                                                                                                              
  template-resolver.ts                                  |       0 |        0 |       0 |       0 | 1-279                                                                                                                              
  template-validation-gate.ts                           |       0 |        0 |       0 |       0 | 1-234                                                                                                                              
  tool-substitution-engine.ts                           |       0 |        0 |       0 |       0 | 1-658                                                                                                                              
  training-monitor.ts                                   |       0 |        0 |       0 |       0 | 1-117                                                                                                                              
  transformation-detector.ts                            |       0 |        0 |       0 |       0 | 1-241                                                                                                                              
  transformation-node-config.ts                         |       0 |        0 |       0 |       0 | 1-80                                                                                                                               
  transformation-templates.ts                           |       0 |        0 |       0 |       0 | 1-264                                                                                                                              
  unified-node-categorizer.ts                           |       0 |        0 |       0 |       0 | 1-208                                                                                                                              
  unified-readiness.ts                                  |       0 |        0 |       0 |       0 | 1-138                                                                                                                              
  universal-action-order-builder.ts                     |       0 |        0 |       0 |       0 | 1-531                                                                                                                              
  universal-node-ai-context.ts                          |       0 |        0 |       0 |       0 | 1-245                                                                                                                              
  universal-node-injection-guard.ts                     |       0 |        0 |       0 |       0 | 1-291                                                                                                                              
  wizard-credential-view.ts                             |       0 |        0 |       0 |       0 | 1-204                                                                                                                              
  workflow-agent-stage-transcript.ts                    |       0 |        0 |       0 |       0 | 1-46                                                                                                                               
  workflow-analyzer.ts                                  |       0 |        0 |       0 |       0 | 1-1062                                                                                                                             
  workflow-auto-pruner.ts                               |       0 |        0 |       0 |       0 | 1-451                                                                                                                              
  workflow-build-from-manifest.ts                       |       0 |        0 |       0 |       0 | 1-39                                                                                                                               
  workflow-builder-utils.ts                             |       0 |        0 |       0 |       0 | 1-264                                                                                                                              
  workflow-builder.ts                                   |       0 |        0 |       0 |       0 | 1-14064                                                                                                                            
  workflow-compiler.ts                                  |       0 |        0 |       0 |       0 | 1-533                                                                                                                              
  workflow-confirmation-manager.ts                      |       0 |        0 |       0 |       0 | 1-273                                                                                                                              
  workflow-construction-logic.ts                        |       0 |        0 |       0 |       0 | 1-928                                                                                                                              
  workflow-deduplicator.ts                              |       0 |        0 |       0 |       0 | 1-704                                                                                                                              
  workflow-dsl-compiler.ts                              |       0 |        0 |       0 |       0 | 1-2452                                                                                                                             
  workflow-dsl.ts                                       |       0 |        0 |       0 |       0 | 1-3638                                                                                                                             
  workflow-editor.ts                                    |       0 |        0 |       0 |       0 | 1-969                                                                                                                              
  workflow-example-selector.ts                          |       0 |        0 |       0 |       0 | 1-230                                                                                                                              
  workflow-explanation-service.ts                       |       0 |        0 |       0 |       0 | 1-741                                                                                                                              
  workflow-field-catalog.ts                             |       0 |        0 |       0 |       0 | 1-60                                                                                                                               
  workflow-graph-pruner.ts                              |       0 |        0 |       0 |       0 | 1-1254                                                                                                                             
  workflow-graph-repair.ts                              |       0 |        0 |       0 |       0 | 1-412                                                                                                                              
  workflow-graph-sanitizer.ts                           |       0 |        0 |       0 |       0 | 1-1455                                                                                                                             
  workflow-intent-model.ts                              |       0 |        0 |       0 |       0 | 1-65                                                                                                                               
  workflow-intent-parser.ts                             |       0 |        0 |       0 |       0 | 1-223                                                                                                                              
  workflow-intent-validator.ts                          |       0 |        0 |       0 |       0 | 1-578                                                                                                                              
  workflow-operation-optimizer.ts                       |       0 |        0 |       0 |       0 | 1-931                                                                                                                              
  workflow-pattern-matcher.ts                           |       0 |        0 |       0 |       0 | 1-215                                                                                                                              
  workflow-pipeline-orchestrator.ts                     |       0 |        0 |       0 |       0 | 1-2536                                                                                                                             
  workflow-policy-enforcer-v2.ts                        |       0 |        0 |       0 |       0 | 1-349                                                                                                                              
  workflow-policy-enforcer.ts                           |       0 |        0 |       0 |       0 | 1-455                                                                                                                              
  workflow-structure-builder.ts                         |       0 |        0 |       0 |       0 | 1-1896                                                                                                                             
  workflow-template-resolver.ts                         |       0 |        0 |       0 |       0 | 1-235                                                                                                                              
  workflow-templates.ts                                 |       0 |        0 |       0 |       0 | 1-395                                                                                                                              
  workflow-training-service.ts                          |       0 |        0 |       0 |       0 | 1-1253                                                                                                                             
  workflow-validation-pipeline.ts                       |       0 |        0 |       0 |       0 | 1-1326                                                                                                                             
  workflow-validation-step5.ts                          |       0 |        0 |       0 |       0 | 1-1092                                                                                                                             
  workflow-validator.ts                                 |       0 |        0 |       0 |       0 | 1-1701                                                                                                                             
  workflow-versioning.ts                                |       0 |        0 |       0 |       0 | 1-328                                                                                                                              
 src/services/ai/pipeline                               |       0 |        0 |       0 |       0 |                                                                                                                                    
  backend-finalizer.ts                                  |       0 |        0 |       0 |       0 | 1-374                                                                                                                              
  workflow-generation-pipeline.ts                       |       0 |        0 |       0 |       0 | 1-399                                                                                                                              
 src/services/ai/stages                                 |       0 |        0 |       0 |       0 |                                                                                                                                    
  capability-grouper-stage.ts                           |       0 |        0 |       0 |       0 | 1-452                                                                                                                              
  capability-intent-analyzer.ts                         |       0 |        0 |       0 |       0 | 1-470                                                                                                                              
  capability-selection-stage.ts                         |       0 |        0 |       0 |       0 | 1-467                                                                                                                              
  capability-structural-prompt-stage.ts                 |       0 |        0 |       0 |       0 | 1-307                                                                                                                              
  capability-types.ts                                   |       0 |        0 |       0 |       0 | 1-140                                                                                                                              
  credential-discovery-stage.ts                         |       0 |        0 |       0 |       0 | 1-86                                                                                                                               
  edge-reasoning-stage.ts                               |       0 |        0 |       0 |       0 | 1-445                                                                                                                              
  field-ownership-stage.ts                              |       0 |        0 |       0 |       0 | 1-74                                                                                                                               
  intent-stage.ts                                       |       0 |        0 |       0 |       0 | 1-184                                                                                                                              
  node-selection-stage.ts                               |       0 |        0 |       0 |       0 | 1-357                                                                                                                              
  property-population-stage.ts                          |       0 |        0 |       0 |       0 | 1-433                                                                                                                              
  structural-prompt-generator.ts                        |       0 |        0 |       0 |       0 | 1-316                                                                                                                              
  structural-prompt-stage.ts                            |       0 |        0 |       0 |       0 | 1-181                                                                                                                              
  validation-stage.ts                                   |       0 |        0 |       0 |       0 | 1-298                                                                                                                              
 src/services/auth                                      |       0 |        0 |       0 |       0 |                                                                                                                                    
  auth-provider.ts                                      |       0 |        0 |       0 |       0 | 1-104                                                                                                                              
 src/services/chat                                      |       0 |        0 |       0 |       0 |                                                                                                                                    
  chat-server.ts                                        |       0 |        0 |       0 |       0 | 1-519                                                                                                                              
 src/services/connectors                                |       0 |        0 |       0 |       0 |                                                                                                                                    
  connector-registry.ts                                 |       0 |        0 |       0 |       0 | 1-1566                                                                                                                             
  connector-resolver.ts                                 |       0 |        0 |       0 |       0 | 1-291                                                                                                                              
 src/services/database                                  |    8.16 |      8.1 |   10.34 |    8.16 |                                                                                                                                    
  database-node-handler.ts                              |   80.48 |     5.55 |     100 |   80.48 | 35,38,41,45,48,51,54,57,61,65,68,71,77-80                                                                                          
  firebaseNode.ts                                       |       0 |        0 |       0 |       0 | 1-334                                                                                                                              
  gcsNode.ts                                            |   76.73 |     12.5 |     100 |   76.73 | 181-191,193-218,220,222,224,226,229-244                                                                                            
  index.ts                                              |     100 |      100 |    7.69 |     100 |                                                                                                                                    
  intuitSmesNode.ts                                     |    8.65 |      100 |       0 |    8.65 | 10-104                                                                                                                             
  mongoDBNode.ts                                        |       0 |        0 |       0 |       0 | 1-350                                                                                                                              
  mysqlNode.ts                                          |       0 |        0 |       0 |       0 | 1-277                                                                                                                              
  odooNode.ts                                           |   15.38 |      100 |       0 |   15.38 | 26-60,65-104,110-221                                                                                                               
  postgresNode.ts                                       |       0 |        0 |       0 |       0 | 1-271                                                                                                                              
  redisNode.ts                                          |       0 |        0 |       0 |       0 | 1-283                                                                                                                              
  snowflakeNode.ts                                      |       0 |        0 |       0 |       0 | 1-357                                                                                                                              
  sqlServerNode.ts                                      |       0 |        0 |       0 |       0 | 1-325                                                                                                                              
  sqliteNode.ts                                         |       0 |        0 |       0 |       0 | 1-281                                                                                                                              
  supabaseNode.ts                                       |       0 |        0 |       0 |       0 | 1-325                                                                                                                              
  timescaleDBNode.ts                                    |       0 |        0 |       0 |       0 | 1-398                                                                                                                              
 src/services/edges                                     |       0 |        0 |       0 |       0 |                                                                                                                                    
  edgeCreationService.ts                                |       0 |        0 |       0 |       0 | 1-404                                                                                                                              
  edgeSanitizer.ts                                      |       0 |        0 |       0 |       0 | 1-206                                                                                                                              
  universal-edge-creation-service.ts                    |       0 |        0 |       0 |       0 | 1-273                                                                                                                              
 src/services/execution                                 |       0 |        0 |       0 |       0 |                                                                                                                                    
  execution-event-logger.ts                             |       0 |        0 |       0 |       0 | 1-135                                                                                                                              
  execution-lock.ts                                     |       0 |        0 |       0 |       0 | 1-325                                                                                                                              
  retry-policy.ts                                       |       0 |        0 |       0 |       0 | 1-77                                                                                                                               
  timeout-watchdog.ts                                   |       0 |        0 |       0 |       0 | 1-141                                                                                                                              
 src/services/graph                                     |       0 |        0 |       0 |       0 |                                                                                                                                    
  atomicEdgeCreator.ts                                  |       0 |        0 |       0 |       0 | 1-205                                                                                                                              
  deterministicGraphAssembler.ts                        |       0 |        0 |       0 |       0 | 1-311                                                                                                                              
  executionPlanBuilder.ts                               |       0 |        0 |       0 |       0 | 1-258                                                                                                                              
  graph-connectivity-builder.ts                         |       0 |        0 |       0 |       0 | 1-439                                                                                                                              
  linear-flow-validator.ts                              |       0 |        0 |       0 |       0 | 1-252                                                                                                                              
 src/services/nodes                                     |   93.37 |    21.05 |   72.94 |   93.37 |                                                                                                                                    
  index.ts                                              |       0 |        0 |       0 |       0 | 1-13                                                                                                                               
  node-capability-registry.ts                           |     100 |      100 |     100 |     100 |                                                                                                                                    
  node-library.ts                                       |   98.56 |    23.52 |   73.39 |   98.56 | 262-264,270-271,282-293,295-297,299-354,356-365,367-370,372-398,400-405,407-411,765-766,772-777,4181-4188,4698-4709,5468,8835-8837 
  node-type-resolver.ts                                 |       0 |        0 |       0 |       0 | 1-634                                                                                                                              
 src/services/pipedrive                                 |       0 |        0 |       0 |       0 |                                                                                                                                    
  pipedrive-api-client.ts                               |       0 |        0 |       0 |       0 | 1-722                                                                                                                              
 src/services/scheduler                                 |       0 |        0 |       0 |       0 |                                                                                                                                    
  index.ts                                              |       0 |        0 |       0 |       0 | 1-290                                                                                                                              
 src/services/social                                    |       0 |        0 |       0 |       0 |                                                                                                                                    
  facebook-node.ts                                      |       0 |        0 |       0 |       0 | 1-130                                                                                                                              
  facebookService.ts                                    |       0 |        0 |       0 |       0 | 1-210                                                                                                                              
  github-node.ts                                        |       0 |        0 |       0 |       0 | 1-887                                                                                                                              
  githubService.ts                                      |       0 |        0 |       0 |       0 | 1-535                                                                                                                              
  index.ts                                              |       0 |        0 |       0 |       0 | 1-10                                                                                                                               
  instagram-node.ts                                     |       0 |        0 |       0 |       0 | 1-532                                                                                                                              
  meta-webhook-verifier.ts                              |       0 |        0 |       0 |       0 | 1-49                                                                                                                               
  retry-wrapper.ts                                      |       0 |        0 |       0 |       0 | 1-111                                                                                                                              
  social-dispatcher.ts                                  |       0 |        0 |       0 |       0 | 1-767                                                                                                                              
  twitterService.ts                                     |       0 |        0 |       0 |       0 | 1-212                                                                                                                              
  types.ts                                              |       0 |        0 |       0 |       0 | 1-28                                                                                                                               
  whatsapp-node.ts                                      |       0 |        0 |       0 |       0 | 1-551                                                                                                                              
 src/services/social/facebook/actions                   |       0 |        0 |       0 |       0 |                                                                                                                                    
  index.ts                                              |       0 |        0 |       0 |       0 | 1-18                                                                                                                               
  not-implemented.operation.ts                          |       0 |        0 |       0 |       0 | 1-6                                                                                                                                
 src/services/social/facebook/actions/page              |       0 |        0 |       0 |       0 |                                                                                                                                    
  PageList.operation.ts                                 |       0 |        0 |       0 |       0 | 1-35                                                                                                                               
 src/services/social/facebook/shared                    |       0 |        0 |       0 |       0 |                                                                                                                                    
  BinaryData.helper.ts                                  |       0 |        0 |       0 |       0 | 1-26                                                                                                                               
  ErrorHandler.helper.ts                                |       0 |        0 |       0 |       0 | 1-87                                                                                                                               
  FacebookApi.client.ts                                 |       0 |        0 |       0 |       0 | 1-90                                                                                                                               
  Pagination.helper.ts                                  |       0 |        0 |       0 |       0 | 1-38                                                                                                                               
  RateLimiter.helper.ts                                 |       0 |        0 |       0 |       0 | 1-43                                                                                                                               
  SupabaseLogger.helper.ts                              |       0 |        0 |       0 |       0 | 1-41                                                                                                                               
 src/services/social/facebook/types                     |       0 |        0 |       0 |       0 |                                                                                                                                    
  facebook.types.ts                                     |       0 |        0 |       0 |       0 | 1-176                                                                                                                              
  operations.types.ts                                   |       0 |        0 |       0 |       0 | 1-57                                                                                                                               
 src/services/training                                  |       0 |        0 |       0 |       0 |                                                                                                                                    
  data-collector.ts                                     |       0 |        0 |       0 |       0 | 1-247                                                                                                                              
  index.ts                                              |       0 |        0 |       0 |       0 | 1-6                                                                                                                                
 src/services/workflow-executor                         |       0 |        0 |       0 |       0 |                                                                                                                                    
  central-execution-state.ts                            |       0 |        0 |       0 |       0 | 1-312                                                                                                                              
  enhanced-execute-workflow.ts                          |       0 |        0 |       0 |       0 | 1-234                                                                                                                              
  execution-state-manager.ts                            |       0 |        0 |       0 |       0 | 1-372                                                                                                                              
  index.ts                                              |       0 |        0 |       0 |       0 | 1-10                                                                                                                               
  node-worker.ts                                        |       0 |        0 |       0 |       0 | 1-98                                                                                                                               
  object-storage-service.ts                             |       0 |        0 |       0 |       0 | 1-187                                                                                                                              
  persistent-layer.ts                                   |       0 |        0 |       0 |       0 | 1-319                                                                                                                              
  visualization-service.ts                              |       0 |        0 |       0 |       0 | 1-444                                                                                                                              
  window-system.ts                                      |       0 |        0 |       0 |       0 | 1-221                                                                                                                              
  worker-pool.ts                                        |       0 |        0 |       0 |       0 | 1-339                                                                                                                              
  workflow-orchestrator.ts                              |       0 |        0 |       0 |       0 | 1-589                                                                                                                              
 src/services/workflow-executor/distributed             |       0 |        0 |       0 |       0 |                                                                                                                                    
  distributed-execution-engine.ts                       |       0 |        0 |       0 |       0 | 1-284                                                                                                                              
  distributed-orchestrator.ts                           |       0 |        0 |       0 |       0 | 1-692                                                                                                                              
  execution-state-store.ts                              |       0 |        0 |       0 |       0 | 1-288                                                                                                                              
  node-worker.ts                                        |       0 |        0 |       0 |       0 | 1-218                                                                                                                              
  queue-client.ts                                       |       0 |        0 |       0 |       0 | 1-456                                                                                                                              
  recovery-manager.ts                                   |       0 |        0 |       0 |       0 | 1-343                                                                                                                              
  redis-queue-manager.ts                                |       0 |        0 |       0 |       0 | 1-401                                                                                                                              
  scheduler-service.ts                                  |       0 |        0 |       0 |       0 | 1-91                                                                                                                               
  stateless-worker.ts                                   |       0 |        0 |       0 |       0 | 1-364                                                                                                                              
  storage-manager.ts                                    |       0 |        0 |       0 |       0 | 1-250                                                                                                                              
  worker-service.ts                                     |       0 |        0 |       0 |       0 | 1-240                                                                                                                              
 src/services/workflow-executor/distributed/reliability |       0 |        0 |       0 |       0 |                                                                                                                                    
  circuit-breaker.ts                                    |       0 |        0 |       0 |       0 | 1-243                                                                                                                              
  dead-letter-queue.ts                                  |       0 |        0 |       0 |       0 | 1-235                                                                                                                              
  idempotency-manager.ts                                |       0 |        0 |       0 |       0 | 1-245                                                                                                                              
  rate-limiter.ts                                       |       0 |        0 |       0 |       0 | 1-288                                                                                                                              
  reliability-layer.ts                                  |       0 |        0 |       0 |       0 | 1-342                                                                                                                              
  retry-manager.ts                                      |       0 |        0 |       0 |       0 | 1-131                                                                                                                              
  timeout-handler.ts                                    |       0 |        0 |       0 |       0 | 1-80                                                                                                                               
 src/services/workflow-executor/distributed/temporal    |       0 |        0 |       0 |       0 |                                                                                                                                    
  checkpoint-manager.ts                                 |       0 |        0 |       0 |       0 | 1-254                                                                                                                              
  event-store.ts                                        |       0 |        0 |       0 |       0 | 1-219                                                                                                                              
  temporal-workflow-engine.ts                           |       0 |        0 |       0 |       0 | 1-530                                                                                                                              
  workflow-replay-engine.ts                             |       0 |        0 |       0 |       0 | 1-263                                                                                                                              
  workflow-state-machine.ts                             |       0 |        0 |       0 |       0 | 1-148                                                                                                                              
 src/services/workflow-executor/distributed/workers     |       0 |        0 |       0 |       0 |                                                                                                                                    
  lightricks-worker.ts                                  |       0 |        0 |       0 |       0 | 1-139                                                                                                                              
  ollama-worker.ts                                      |       0 |        0 |       0 |       0 | 1-54                                                                                                                               
  pass-through-worker.ts                                |       0 |        0 |       0 |       0 | 1-31                                                                                                                               
 src/services/workflow-executor/node-processors         |       0 |        0 |       0 |       0 |                                                                                                                                    
  ai-processors.ts                                      |       0 |        0 |       0 |       0 | 1-389                                                                                                                              
 src/shared                                             |       0 |        0 |       0 |       0 |                                                                                                                                    
  cors.ts                                               |       0 |        0 |       0 |       0 | 1-10                                                                                                                               
  gmail-executor.ts                                     |       0 |        0 |       0 |       0 | 1-411                                                                                                                              
  google-api-utils.ts                                   |       0 |        0 |       0 |       0 | 1-256                                                                                                                              
  google-calendar-executor.ts                           |       0 |        0 |       0 |       0 | 1-458                                                                                                                              
  google-sheets-read-range.ts                           |       0 |        0 |       0 |       0 | 1-127                                                                                                                              
  google-sheets.ts                                      |       0 |        0 |       0 |       0 | 1-176                                                                                                                              
  huggingface-client.ts                                 |       0 |        0 |       0 |       0 | 1-236                                                                                                                              
  instagram-token-manager.ts                            |       0 |        0 |       0 |       0 | 1-295                                                                                                                              
  intent-parser.ts                                      |       0 |        0 |       0 |       0 | 1-167                                                                                                                              
  linkedin-api.ts                                       |       0 |        0 |       0 |       0 | 1-390                                                                                                                              
  linkedin-oauth.ts                                     |       0 |        0 |       0 |       0 | 1-149                                                                                                                              
  llm-adapter.ts                                        |       0 |        0 |       0 |       0 | 1-519                                                                                                                              
  memory.ts                                             |       0 |        0 |       0 |       0 | 1-259                                                                                                                              
  notion-token-manager.ts                               |       0 |        0 |       0 |       0 | 1-110                                                                                                                              
  reasoning-engine.ts                                   |       0 |        0 |       0 |       0 | 1-368                                                                                                                              
  redis-client.ts                                       |       0 |        0 |       0 |       0 | 1-97                                                                                                                               
  safe-json.ts                                          |       0 |        0 |       0 |       0 | 1-69                                                                                                                               
  social-token-manager.ts                               |       0 |        0 |       0 |       0 | 1-433                                                                                                                              
  twitter-token-manager.ts                              |       0 |        0 |       0 |       0 | 1-179                                                                                                                              
  whatsapp-token-manager.ts                             |       0 |        0 |       0 |       0 | 1-276                                                                                                                              
  zoho-api-client.ts                                    |       0 |        0 |       0 |       0 | 1-3503                                                                                                                             
  zoho-oauth.ts                                         |       0 |        0 |       0 |       0 | 1-281                                                                                                                              
 src/types                                              |       0 |        0 |       0 |       0 |                                                                                                                                    
  amazon-ses.ts                                         |       0 |        0 |       0 |       0 | 1-333                                                                                                                              
 src/utils                                              |       0 |        0 |       0 |       0 |                                                                                                                                    
  chat-debug.ts                                         |       0 |        0 |       0 |       0 | 1-109                                                                                                                              
  nodeTypeResolver.ts                                   |       0 |        0 |       0 |       0 | 1-213                                                                                                                              
 src/validation                                         |       0 |        0 |       0 |       0 |                                                                                                                                    
  autoRepair.ts                                         |       0 |        0 |       0 |       0 | 1-47                                                                                                                               
 src/validator                                          |       0 |        0 |       0 |       0 |                                                                                                                                    
  specValidator.ts                                      |       0 |        0 |       0 |       0 | 1-68                                                                                                                               
--------------------------------------------------------|---------|----------|---------|---------|------------------------------------------------------------------------------------------------------------------------------------
Test Suites: 1 failed, 1 total
Tests:       2 failed, 9 passed, 11 total
Snapshots:   0 total
Time:        31.385 s
Ran all test suites matching /gcs-final-verification.test.ts/i.
